Archive member included to satisfy reference by file (symbol)

D:/Nouveau dossier/STM32CubeIDE_1.18.1/STM32CubeIDE/plugins/com.st.stm32cube.ide.mcu.externaltools.gnu-tools-for-stm32.13.3.rel1.win32_1.0.0.202411081344/tools/bin/../lib/gcc/arm-none-eabi/13.3.1/../../../../arm-none-eabi/lib/thumb/v7e-m+dp/hard\libc_nano.a(libc_a-exit.o)
                              D:/Nouveau dossier/STM32CubeIDE_1.18.1/STM32CubeIDE/plugins/com.st.stm32cube.ide.mcu.externaltools.gnu-tools-for-stm32.13.3.rel1.win32_1.0.0.202411081344/tools/bin/../lib/gcc/arm-none-eabi/13.3.1/../../../../arm-none-eabi/lib/thumb/v7e-m+dp/hard/crt0.o (exit)
D:/Nouveau dossier/STM32CubeIDE_1.18.1/STM32CubeIDE/plugins/com.st.stm32cube.ide.mcu.externaltools.gnu-tools-for-stm32.13.3.rel1.win32_1.0.0.202411081344/tools/bin/../lib/gcc/arm-none-eabi/13.3.1/../../../../arm-none-eabi/lib/thumb/v7e-m+dp/hard\libc_nano.a(libc_a-strtoul.o)
                              ./Core/Src/esp8266.o (strtoul)
D:/Nouveau dossier/STM32CubeIDE_1.18.1/STM32CubeIDE/plugins/com.st.stm32cube.ide.mcu.externaltools.gnu-tools-for-stm32.13.3.rel1.win32_1.0.0.202411081344/tools/bin/../lib/gcc/arm-none-eabi/13.3.1/../../../../arm-none-eabi/lib/thumb/v7e-m+dp/hard\libc_nano.a(libc_a-ctype_.o)
                              D:/Nouveau dossier/STM32CubeIDE_1.18.1/STM32CubeIDE/plugins/com.st.stm32cube.ide.mcu.externaltools.gnu-tools-for-stm32.13.3.rel1.win32_1.0.0.202411081344/tools/bin/../lib/gcc/arm-none-eabi/13.3.1/../../../../arm-none-eabi/lib/thumb/v7e-m+dp/hard\libc_nano.a(libc_a-strtoul.o) (_ctype_)
D:/Nouveau dossier/STM32CubeIDE_1.18.1/STM32CubeIDE/plugins/com.st.stm32cube.ide.mcu.externaltools.gnu-tools-for-stm32.13.3.rel1.win32_1.0.0.202411081344/tools/bin/../lib/gcc/arm-none-eabi/13.3.1/../../../../arm-none-eabi/lib/thumb/v7e-m+dp/hard\libc_nano.a(libc_a-nano-vfprintf_float.o)
                              (_printf_float)
D:/Nouveau dossier/STM32CubeIDE_1.18.1/STM32CubeIDE/plugins/com.st.stm32cube.ide.mcu.externaltools.gnu-tools-for-stm32.13.3.rel1.win32_1.0.0.202411081344/tools/bin/../lib/gcc/arm-none-eabi/13.3.1/../../../../arm-none-eabi/lib/thumb/v7e-m+dp/hard\libc_nano.a(libc_a-nano-vfprintf_i.o)
                              D:/Nouveau dossier/STM32CubeIDE_1.18.1/STM32CubeIDE/plugins/com.st.stm32cube.ide.mcu.externaltools.gnu-tools-for-stm32.13.3.rel1.win32_1.0.0.202411081344/tools/bin/../lib/gcc/arm-none-eabi/13.3.1/../../../../arm-none-eabi/lib/thumb/v7e-m+dp/hard\libc_nano.a(libc_a-nano-vfprintf_float.o) (_printf_common)
D:/Nouveau dossier/STM32CubeIDE_1.18.1/STM32CubeIDE/plugins/com.st.stm32cube.ide.mcu.externaltools.gnu-tools-for-stm32.13.3.rel1.win32_1.0.0.202411081344/tools/bin/../lib/gcc/arm-none-eabi/13.3.1/../../../../arm-none-eabi/lib/thumb/v7e-m+dp/hard\libc_nano.a(libc_a-findfp.o)
                              D:/Nouveau dossier/STM32CubeIDE_1.18.1/STM32CubeIDE/plugins/com.st.stm32cube.ide.mcu.externaltools.gnu-tools-for-stm32.13.3.rel1.win32_1.0.0.202411081344/tools/bin/../lib/gcc/arm-none-eabi/13.3.1/../../../../arm-none-eabi/lib/thumb/v7e-m+dp/hard\libc_nano.a(libc_a-exit.o) (__stdio_exit_handler)
D:/Nouveau dossier/STM32CubeIDE_1.18.1/STM32CubeIDE/plugins/com.st.stm32cube.ide.mcu.externaltools.gnu-tools-for-stm32.13.3.rel1.win32_1.0.0.202411081344/tools/bin/../lib/gcc/arm-none-eabi/13.3.1/../../../../arm-none-eabi/lib/thumb/v7e-m+dp/hard\libc_nano.a(libc_a-fwalk.o)
                              D:/Nouveau dossier/STM32CubeIDE_1.18.1/STM32CubeIDE/plugins/com.st.stm32cube.ide.mcu.externaltools.gnu-tools-for-stm32.13.3.rel1.win32_1.0.0.202411081344/tools/bin/../lib/gcc/arm-none-eabi/13.3.1/../../../../arm-none-eabi/lib/thumb/v7e-m+dp/hard\libc_nano.a(libc_a-findfp.o) (_fwalk_sglue)
D:/Nouveau dossier/STM32CubeIDE_1.18.1/STM32CubeIDE/plugins/com.st.stm32cube.ide.mcu.externaltools.gnu-tools-for-stm32.13.3.rel1.win32_1.0.0.202411081344/tools/bin/../lib/gcc/arm-none-eabi/13.3.1/../../../../arm-none-eabi/lib/thumb/v7e-m+dp/hard\libc_nano.a(libc_a-snprintf.o)
                              ./Core/Src/esp8266.o (snprintf)
D:/Nouveau dossier/STM32CubeIDE_1.18.1/STM32CubeIDE/plugins/com.st.stm32cube.ide.mcu.externaltools.gnu-tools-for-stm32.13.3.rel1.win32_1.0.0.202411081344/tools/bin/../lib/gcc/arm-none-eabi/13.3.1/../../../../arm-none-eabi/lib/thumb/v7e-m+dp/hard\libc_nano.a(libc_a-sprintf.o)
                              ./Core/Src/esp8266.o (sprintf)
D:/Nouveau dossier/STM32CubeIDE_1.18.1/STM32CubeIDE/plugins/com.st.stm32cube.ide.mcu.externaltools.gnu-tools-for-stm32.13.3.rel1.win32_1.0.0.202411081344/tools/bin/../lib/gcc/arm-none-eabi/13.3.1/../../../../arm-none-eabi/lib/thumb/v7e-m+dp/hard\libc_nano.a(libc_a-stdio.o)
                              D:/Nouveau dossier/STM32CubeIDE_1.18.1/STM32CubeIDE/plugins/com.st.stm32cube.ide.mcu.externaltools.gnu-tools-for-stm32.13.3.rel1.win32_1.0.0.202411081344/tools/bin/../lib/gcc/arm-none-eabi/13.3.1/../../../../arm-none-eabi/lib/thumb/v7e-m+dp/hard\libc_nano.a(libc_a-findfp.o) (__sread)
[...]
Memory Configuration

Name             Origin             Length             Attributes
RAM              0x20000000         0x00080000         xrw
FLASH            0x08000000         0x00200000         xr
*default*        0x00000000         0xffffffff

Linker script and memory map

LOAD D:/Nouveau dossier/STM32CubeIDE_1.18.1/STM32CubeIDE/plugins/com.st.stm32cube.ide.mcu.externaltools.gnu-tools-for-stm32.13.3.rel1.win32_1.0.0.202411081344/tools/bin/../lib/gcc/arm-none-eabi/13.3.1/thumb/v7e-m+dp/hard/crti.o
LOAD D:/Nouveau dossier/STM32CubeIDE_1.18.1/STM32CubeIDE/plugins/com.st.stm32cube.ide.mcu.externaltools.gnu-tools-for-stm32.13.3.rel1.win32_1.0.0.202411081344/tools/bin/../lib/gcc/arm-none-eabi/13.3.1/thumb/v7e-m+dp/hard/crtbegin.o
LOAD D:/Nouveau dossier/STM32CubeIDE_1.18.1/STM32CubeIDE/plugins/com.st.stm32cube.ide.mcu.externaltools.gnu-tools-for-stm32.13.3.rel1.win32_1.0.0.202411081344/tools/bin/../lib/gcc/arm-none-eabi/13.3.1/../../../../arm-none-eabi/lib/thumb/v7e-m+dp/hard/crt0.o
LOAD ./Core/Src/bh1750.o
LOAD ./Core/Src/bme280.o
LOAD ./Core/Src/esp8266.o
LOAD ./Core/Src/main.o
LOAD ./Core/Src/power_monitor.o
LOAD ./Core/Src/sen5x_i2c.o
LOAD ./Core/Src/sen5x_wrapper.o
LOAD ./Core/Src/sensirion_common.o
LOAD ./Core/Src/sensirion_i2c.o
LOAD ./Core/Src/sensirion_i2c_hal.o
LOAD ./Core/Src/stm32f7xx_hal_msp.o
LOAD ./Core/Src/stm32f7xx_it.o
LOAD ./Core/Src/syscalls.o
LOAD ./Core/Src/sysmem.o
LOAD ./Core/Src/system_stm32f7xx.o
LOAD ./Core/Startup/startup_stm32f769nihx.o
LOAD ./Drivers/STM32F7xx_HAL_Driver/Src/stm32f7xx_hal.o
LOAD ./Drivers/STM32F7xx_HAL_Driver/Src/stm32f7xx_hal_adc.o
LOAD ./Drivers/STM32F7xx_HAL_Driver/Src/stm32f7xx_hal_adc_ex.o
LOAD ./Drivers/STM32F7xx_HAL_Driver/Src/stm32f7xx_hal_cortex.o
LOAD ./Drivers/STM32F7xx_HAL_Driver/Src/stm32f7xx_hal_dma.o
LOAD ./Drivers/STM32F7xx_HAL_Driver/Src/stm32f7xx_hal_dma_ex.o
LOAD ./Drivers/STM32F7xx_HAL_Driver/Src/stm32f7xx_hal_exti.o
LOAD ./Drivers/STM32F7xx_HAL_Driver/Src/stm32f7xx_hal_flash.o
LOAD ./Drivers/STM32F7xx_HAL_Driver/Src/stm32f7xx_hal_flash_ex.o
LOAD ./Drivers/STM32F7xx_HAL_Driver/Src/stm32f7xx_hal_gpio.o
LOAD ./Drivers/STM32F7xx_HAL_Driver/Src/stm32f7xx_hal_i2c.o
LOAD ./Drivers/STM32F7xx_HAL_Driver/Src/stm32f7xx_hal_i2c_ex.o
LOAD ./Drivers/STM32F7xx_HAL_Driver/Src/stm32f7xx_hal_pwr.o
LOAD ./Drivers/STM32F7xx_HAL_Driver/Src/stm32f7xx_hal_pwr_ex.o
LOAD ./Drivers/STM32F7xx_HAL_Driver/Src/stm32f7xx_hal_rcc.o
LOAD ./Drivers/STM32F7xx_HAL_Driver/Src/stm32f7xx_hal_rcc_ex.o
LOAD ./Drivers/STM32F7xx_HAL_Driver/Src/stm32f7xx_hal_tim.o
LOAD ./Drivers/STM32F7xx_HAL_Driver/Src/stm32f7xx_hal_tim_ex.o
LOAD ./Drivers/STM32F7xx_HAL_Driver/Src/stm32f7xx_hal_uart.o
LOAD ./Drivers/STM32F7xx_HAL_Driver/Src/stm32f7xx_hal_uart_ex.o
START GROUP
LOAD D:/Nouveau dossier/STM32CubeIDE_1.18.1/STM32CubeIDE/plugins/com.st.stm32cube.ide.mcu.externaltools.gnu-tools-for-stm32.13.3.rel1.win32_1.0.0.202411081344/tools/bin/../lib/gcc/arm-none-eabi/13.3.1/../../../../arm-none-eabi/lib/thumb/v7e-m+dp/hard\libc_nano.a
LOAD D:/Nouveau dossier/STM32CubeIDE_1.18.1/STM32CubeIDE/plugins/com.st.stm32cube.ide.mcu.externaltools.gnu-tools-for-stm32.13.3.rel1.win32_1.0.0.202411081344/tools/bin/../lib/gcc/arm-none-eabi/13.3.1/../../../../arm-none-eabi/lib/thumb/v7e-m+dp/hard\libm.a
END GROUP
START GROUP
LOAD D:/Nouveau dossier/STM32CubeIDE_1.18.1/STM32CubeIDE/plugins/com.st.stm32cube.ide.mcu.externaltools.gnu-tools-for-stm32.13.3.rel1.win32_1.0.0.202411081344/tools/bin/../lib/gcc/arm-none-eabi/13.3.1/thumb/v7e-m+dp/hard\libgcc.a
LOAD D:/Nouveau dossier/STM32CubeIDE_1.18.1/STM32CubeIDE/plugins/com.st.stm32cube.ide.mcu.externaltools.gnu-tools-for-stm32.13.3.rel1.win32_1.0.0.202411081344/tools/bin/../lib/gcc/arm-none-eabi/13.3.1/../../../../arm-none-eabi/lib/thumb/v7e-m+dp/hard\libc_nano.a
END GROUP
START GROUP
LOAD D:/Nouveau dossier/STM32CubeIDE_1.18.1/STM32CubeIDE/plugins/com.st.stm32cube.ide.mcu.externaltools.gnu-tools-for-stm32.13.3.rel1.win32_1.0.0.202411081344/tools/bin/../lib/gcc/arm-none-eabi/13.3.1/thumb/v7e-m+dp/hard\libgcc.a
LOAD D:/Nouveau dossier/STM32CubeIDE_1.18.1/STM32CubeIDE/plugins/com.st.stm32cube.ide.mcu.externaltools.gnu-tools-for-stm32.13.3.rel1.win32_1.0.0.202411081344/tools/bin/../lib/gcc/arm-none-eabi/13.3.1/../../../../arm-none-eabi/lib/thumb/v7e-m+dp/hard\libc_nano.a
LOAD D:/Nouveau dossier/STM32CubeIDE_1.18.1/STM32CubeIDE/plugins/com.st.stm32cube.ide.mcu.externaltools.gnu-tools-for-stm32.13.3.rel1.win32_1.0.0.202411081344/tools/bin/../lib/gcc/arm-none-eabi/13.3.1/../../../../arm-none-eabi/lib/thumb/v7e-m+dp/hard\libnosys.a
END GROUP
START GROUP
LOAD D:/Nouveau dossier/STM32CubeIDE_1.18.1/STM32CubeIDE/plugins/com.st.stm32cube.ide.mcu.externaltools.gnu-tools-for-stm32.13.3.rel1.win32_1.0.0.202411081344/tools/bin/../lib/gcc/arm-none-eabi/13.3.1/thumb/v7e-m+dp/hard\libgcc.a
LOAD D:/Nouveau dossier/STM32CubeIDE_1.18.1/STM32CubeIDE/plugins/com.st.stm32cube.ide.mcu.externaltools.gnu-tools-for-stm32.13.3.rel1.win32_1.0.0.202411081344/tools/bin/../lib/gcc/arm-none-eabi/13.3.1/../../../../arm-none-eabi/lib/thumb/v7e-m+dp/hard\libc_nano.a
LOAD D:/Nouveau dossier/STM32CubeIDE_1.18.1/STM32CubeIDE/plugins/com.st.stm32cube.ide.mcu.externaltools.gnu-tools-for-stm32.13.3.rel1.win32_1.0.0.202411081344/tools/bin/../lib/gcc/arm-none-eabi/13.3.1/../../../../arm-none-eabi/lib/thumb/v7e-m+dp/hard\libnosys.a
END GROUP
LOAD D:/Nouveau dossier/STM32CubeIDE_1.18.1/STM32CubeIDE/plugins/com.st.stm32cube.ide.mcu.externaltools.gnu-tools-for-stm32.13.3.rel1.win32_1.0.0.202411081344/tools/bin/../lib/gcc/arm-none-eabi/13.3.1/thumb/v7e-m+dp/hard/crtend.o
LOAD D:/Nouveau dossier/STM32CubeIDE_1.18.1/STM32CubeIDE/plugins/com.st.stm32cube.ide.mcu.externaltools.gnu-tools-for-stm32.13.3.rel1.win32_1.0.0.202411081344/tools/bin/../lib/gcc/arm-none-eabi/13.3.1/thumb/v7e-m+dp/hard/crtn.o
                0x20080000                        _estack = (ORIGIN (RAM) + LENGTH (RAM))
                0x00000200                        _Min_Heap_Size = 0x200
                0x00000400                        _Min_Stack_Size = 0x400

.isr_vector     0x08000000      0x1f8
                0x08000000                        . = ALIGN (0x4)
 *(.isr_vector)
 .isr_vector    0x08000000      0x1f8 ./Core/Startup/startup_stm32f769nihx.o
                0x08000000                g_pfnVectors
                0x080001f8                        . = ALIGN (0x4)

.text           0x08000200     0xa2fc
                0x08000200                        . = ALIGN (0x4)
 *(.text)
 .text          0x08000200       0x40 D:/Nouveau dossier/STM32CubeIDE_1.18.1/STM32CubeIDE/plugins/com.st.stm32cube.ide.mcu.externaltools.gnu-tools-for-stm32.13.3.rel1.win32_1.0.0.202411081344/tools/bin/../lib/gcc/arm-none-eabi/13.3.1/thumb/v7e-m+dp/hard/crtbegin.o
 .text          0x08000240       0xa0 D:/Nouveau dossier/STM32CubeIDE_1.18.1/STM32CubeIDE/plugins/com.st.stm32cube.ide.mcu.externaltools.gnu-tools-for-stm32.13.3.rel1.win32_1.0.0.202411081344/tools/bin/../lib/gcc/arm-none-eabi/13.3.1/../../../../arm-none-eabi/lib/thumb/v7e-m+dp/hard\libc_nano.a(libc_a-memchr.o)
                0x08000240                memchr
 .text          0x080002e0       0x10 D:/Nouveau dossier/STM32CubeIDE_1.18.1/STM32CubeIDE/plugins/com.st.stm32cube.ide.mcu.externaltools.gnu-tools-for-stm32.13.3.rel1.win32_1.0.0.202411081344/tools/bin/../lib/gcc/arm-none-eabi/13.3.1/../../../../arm-none-eabi/lib/thumb/v7e-m+dp/hard\libc_nano.a(libc_a-strlen.o)
                0x080002e0                strlen
 .text          0x080002f0       0x30 D:/Nouveau dossier/STM32CubeIDE_1.18.1/STM32CubeIDE/plugins/com.st.stm32cube.ide.mcu.externaltools.gnu-tools-for-stm32.13.3.rel1.win32_1.0.0.202411081344/tools/bin/../lib/gcc/arm-none-eabi/13.3.1/thumb/v7e-m+dp/hard\libgcc.a(_aeabi_uldivmod.o)
                0x080002f0                __aeabi_uldivmod
 .text          0x08000320      0x2f8 D:/Nouveau dossier/STM32CubeIDE_1.18.1/STM32CubeIDE/plugins/com.st.stm32cube.ide.mcu.externaltools.gnu-tools-for-stm32.13.3.rel1.win32_1.0.0.202411081344/tools/bin/../lib/gcc/arm-none-eabi/13.3.1/thumb/v7e-m+dp/hard\libgcc.a(_udivmoddi4.o)
                0x08000320                __udivmoddi4
 .text          0x08000618        0x4 D:/Nouveau dossier/STM32CubeIDE_1.18.1/STM32CubeIDE/plugins/com.st.stm32cube.ide.mcu.externaltools.gnu-tools-for-stm32.13.3.rel1.win32_1.0.0.202411081344/tools/bin/../lib/gcc/arm-none-eabi/13.3.1/thumb/v7e-m+dp/hard\libgcc.a(_dvmd_tls.o)
                0x08000618                __aeabi_idiv0
                0x08000618                __aeabi_ldiv0
 *(.text*)
 .text.BH1750_Init
                0x0800061c       0xa8 ./Core/Src/bh1750.o
                0x0800061c                BH1750_Init
 .text.BH1750_ReadLight
                0x080006c4       0x6c ./Core/Src/bh1750.o
                0x080006c4                BH1750_ReadLight
 .text.bme280_i2c_read
                0x08000730       0x54 ./Core/Src/bme280.o
 .text.bme280_i2c_write
                0x08000784       0x54 ./Core/Src/bme280.o
 .text.bme280_delay_us
                0x080007d8       0x38 ./Core/Src/bme280.o
 .text.bme280_get_regs
                0x08000810       0x3e ./Core/Src/bme280.o
 .text.bme280_set_regs
                0x0800084e       0x3e ./Core/Src/bme280.o
 .text.bme280_soft_reset
                0x0800088c       0x86 ./Core/Src/bme280.o
 .text.get_calib_data
                0x08000912       0x78 ./Core/Src/bme280.o
 .text.parse_temp_press_calib_data
                0x0800098a      0x178 ./Core/Src/bme280.o
 .text.parse_humidity_calib_data
                0x08000b02       0xa0 ./Core/Src/bme280.o
 .text.parse_sensor_data
                0x08000ba2       0x90 ./Core/Src/bme280.o
 *fill*         0x08000c32        0x6 
 .text.compensate_temperature
                0x08000c38      0x160 ./Core/Src/bme280.o
 .text.compensate_pressure
                0x08000d98      0x2a0 ./Core/Src/bme280.o
 .text.compensate_humidity
                0x08001038      0x1d4 ./Core/Src/bme280.o
 .text.BME280_Setup
                0x0800120c      0x130 ./Core/Src/bme280.o
                0x0800120c                BME280_Setup
 .text.BME280_GetSensorData
                0x0800133c       0x9a ./Core/Src/bme280.o
                0x0800133c                BME280_GetSensorData
 *fill*         0x080013d6        0x2 
 .text.ESP8266_Init
                0x080013d8       0x9c ./Core/Src/esp8266.o
 .text.ESP8266_ConnectWiFi
                0x08001474       0xe8 ./Core/Src/esp8266.o
 .text.ESP8266_CheckConnection
                0x0800155c       0x5c ./Core/Src/esp8266.o
 .text.ESP8266_SendHTTP
                0x080015b8      0x1a0 ./Core/Src/esp8266.o
 .text.ESP8266_SendCommand
                0x08001758       0xe0 ./Core/Src/esp8266.o
 .text.ESP8266_ClearBuffer
                0x08001838       0x20 ./Core/Src/esp8266.o
 .text.ESP8266_FloatToString2Dec
                0x08001858       0x98 ./Core/Src/esp8266.o
 .text.ESP8266_ParseTimestampFromResponse
                0x080018f0      0x110 ./Core/Src/esp8266.o
 .text.ESP8266_GetServerTime
                0x08001a00      0x224 ./Core/Src/esp8266.o
 .text.ESP8266_Setup
                0x08001c24       0x4c ./Core/Src/esp8266.o
                0x08001c24                ESP8266_Setup
 .text.ESP8266_SendSensorDataHTTP
                0x08001c70      0x240 ./Core/Src/esp8266.o
                0x08001c70                ESP8266_SendSensorDataHTTP
 .text.main     0x08001eb0      0x3c0 ./Core/Src/main.o
                0x08001eb0                main
 .text.SystemClock_Config
                0x08002270       0xf4 ./Core/Src/main.o
                0x08002270                SystemClock_Config
 .text.MX_ADC1_Init
                0x08002364       0xa4 ./Core/Src/main.o
 .text.MX_I2C1_Init
                0x08002408       0x80 ./Core/Src/main.o
 .text.MX_UART5_Init
                0x08002488       0x60 ./Core/Src/main.o
 .text.MX_GPIO_Init
                0x080024e8       0xf0 ./Core/Src/main.o
 .text.Error_Handler
                0x080025d8        0xc ./Core/Src/main.o
                0x080025d8                Error_Handler
 .text.PowerMonitor_Init
                0x080025e4       0xaa ./Core/Src/power_monitor.o
                0x080025e4                PowerMonitor_Init
 *fill*         0x0800268e        0x2 
 .text.PowerMonitor_ReadPower
                0x08002690      0x180 ./Core/Src/power_monitor.o
                0x08002690                PowerMonitor_ReadPower
 .text.PowerMonitor_EstimateSOCFromVoltage
                0x08002810      0x138 ./Core/Src/power_monitor.o
                0x08002810                PowerMonitor_EstimateSOCFromVoltage
 .text.PowerMonitor_CalculateSOC
                0x08002948      0x200 ./Core/Src/power_monitor.o
                0x08002948                PowerMonitor_CalculateSOC
 .text.sen5x_start_measurement
                0x08002b48       0x4a ./Core/Src/sen5x_i2c.o
                0x08002b48                sen5x_start_measurement
 *fill*         0x08002b92        0x2 
 .text.sen5x_stop_measurement
                0x08002b94       0x50 ./Core/Src/sen5x_i2c.o
                0x08002b94                sen5x_stop_measurement
 .text.sen5x_read_data_ready
                0x08002be4       0x82 ./Core/Src/sen5x_i2c.o
                0x08002be4                sen5x_read_data_ready
 .text.sen5x_read_measured_values
                0x08002c66      0x116 ./Core/Src/sen5x_i2c.o
                0x08002c66                sen5x_read_measured_values
 .text.SEN5x_Setup
                0x08002d7c       0x72 ./Core/Src/sen5x_wrapper.o
                0x08002d7c                SEN5x_Setup
 *fill*         0x08002dee        0x2 
 .text.SEN5x_ReadAirQuality
                0x08002df0      0x2b4 ./Core/Src/sen5x_wrapper.o
                0x08002df0                SEN5x_ReadAirQuality
 .text.sensirion_common_bytes_to_uint16_t
                0x080030a4       0x2c ./Core/Src/sensirion_common.o
                0x080030a4                sensirion_common_bytes_to_uint16_t
 .text.sensirion_common_bytes_to_int16_t
                0x080030d0       0x1a ./Core/Src/sensirion_common.o
                0x080030d0                sensirion_common_bytes_to_int16_t
 .text.sensirion_i2c_generate_crc
                0x080030ea       0x72 ./Core/Src/sensirion_i2c.o
                0x080030ea                sensirion_i2c_generate_crc
 .text.sensirion_i2c_check_crc
                0x0800315c       0x32 ./Core/Src/sensirion_i2c.o
                0x0800315c                sensirion_i2c_check_crc
 .text.sensirion_i2c_add_command_to_buffer
                0x0800318e       0x46 ./Core/Src/sensirion_i2c.o
                0x0800318e                sensirion_i2c_add_command_to_buffer
 .text.sensirion_i2c_write_data
                0x080031d4       0x26 ./Core/Src/sensirion_i2c.o
                0x080031d4                sensirion_i2c_write_data
 .text.sensirion_i2c_read_data_inplace
                0x080031fa       0xc6 ./Core/Src/sensirion_i2c.o
                0x080031fa                sensirion_i2c_read_data_inplace
 .text.sensirion_i2c_hal_init
                0x080032c0        0xe ./Core/Src/sensirion_i2c_hal.o
                0x080032c0                sensirion_i2c_hal_init
 *fill*         0x080032ce        0x2 
 .text.sensirion_i2c_hal_read
                0x080032d0       0x44 ./Core/Src/sensirion_i2c_hal.o
                0x080032d0                sensirion_i2c_hal_read
 .text.sensirion_i2c_hal_write
                0x08003314       0x44 ./Core/Src/sensirion_i2c_hal.o
                0x08003314                sensirion_i2c_hal_write
 .text.sensirion_i2c_hal_sleep_usec
                0x08003358       0x34 ./Core/Src/sensirion_i2c_hal.o
                0x08003358                sensirion_i2c_hal_sleep_usec
 .text.HAL_MspInit
                0x0800338c       0x48 ./Core/Src/stm32f7xx_hal_msp.o
                0x0800338c                HAL_MspInit
 .text.HAL_ADC_MspInit
                0x080033d4       0x80 ./Core/Src/stm32f7xx_hal_msp.o
                0x080033d4                HAL_ADC_MspInit
 .text.HAL_I2C_MspInit
                0x08003454       0xc0 ./Core/Src/stm32f7xx_hal_msp.o
                0x08003454                HAL_I2C_MspInit
 .text.HAL_UART_MspInit
                0x08003514      0x190 ./Core/Src/stm32f7xx_hal_msp.o
                0x08003514                HAL_UART_MspInit
 .text.NMI_Handler
                0x080036a4        0x8 ./Core/Src/stm32f7xx_it.o
                0x080036a4                NMI_Handler
 .text.HardFault_Handler
                0x080036ac        0x8 ./Core/Src/stm32f7xx_it.o
                0x080036ac                HardFault_Handler
 .text.MemManage_Handler
                0x080036b4        0x8 ./Core/Src/stm32f7xx_it.o
                0x080036b4                MemManage_Handler
 .text.BusFault_Handler
                0x080036bc        0x8 ./Core/Src/stm32f7xx_it.o
                0x080036bc                BusFault_Handler
 .text.UsageFault_Handler
                0x080036c4        0x8 ./Core/Src/stm32f7xx_it.o
                0x080036c4                UsageFault_Handler
 .text.SVC_Handler
                0x080036cc        0xe ./Core/Src/stm32f7xx_it.o
                0x080036cc                SVC_Handler
 .text.DebugMon_Handler
                0x080036da        0xe ./Core/Src/stm32f7xx_it.o
                0x080036da                DebugMon_Handler
 .text.PendSV_Handler
                0x080036e8        0xe ./Core/Src/stm32f7xx_it.o
                0x080036e8                PendSV_Handler
 .text.SysTick_Handler
                0x080036f6        0xc ./Core/Src/stm32f7xx_it.o
                0x080036f6                SysTick_Handler
 .text._getpid  0x08003702       0x10 ./Core/Src/syscalls.o
                0x08003702                _getpid
 .text._kill    0x08003712       0x20 ./Core/Src/syscalls.o
                0x08003712                _kill
 .text._exit    0x08003732       0x16 ./Core/Src/syscalls.o
                0x08003732                _exit
 .text._read    0x08003748       0x3a ./Core/Src/syscalls.o
                0x08003748                _read
 .text._write   0x08003782       0x38 ./Core/Src/syscalls.o
                0x08003782                _write
 .text._close   0x080037ba       0x18 ./Core/Src/syscalls.o
                0x080037ba                _close
 .text._fstat   0x080037d2       0x20 ./Core/Src/syscalls.o
                0x080037d2                _fstat
 .text._isatty  0x080037f2       0x16 ./Core/Src/syscalls.o
                0x080037f2                _isatty
 .text._lseek   0x08003808       0x1a ./Core/Src/syscalls.o
                0x08003808                _lseek
 *fill*         0x08003822        0x2 
 .text._sbrk    0x08003824       0x6c ./Core/Src/sysmem.o
                0x08003824                _sbrk
 .text.SystemInit
                0x08003890       0x24 ./Core/Src/system_stm32f7xx.o
                0x08003890                SystemInit
 .text.Reset_Handler
                0x080038b4       0x50 ./Core/Startup/startup_stm32f769nihx.o
                0x080038b4                Reset_Handler
 .text.Default_Handler
                0x08003904        0x2 ./Core/Startup/startup_stm32f769nihx.o
                0x08003904                RTC_Alarm_IRQHandler
                0x08003904                EXTI2_IRQHandler
                0x08003904                TIM8_CC_IRQHandler
                0x08003904                UART8_IRQHandler
                0x08003904                SPI4_IRQHandler
                0x08003904                TIM1_CC_IRQHandler
                0x08003904                DMA2_Stream5_IRQHandler
                0x08003904                JPEG_IRQHandler
                0x08003904                DMA1_Stream5_IRQHandler
                0x08003904                CAN3_RX1_IRQHandler
                0x08003904                PVD_IRQHandler
                0x08003904                TAMP_STAMP_IRQHandler
                0x08003904                CAN2_RX1_IRQHandler
                0x08003904                EXTI3_IRQHandler
                0x08003904                TIM8_TRG_COM_TIM14_IRQHandler
                0x08003904                DFSDM1_FLT1_IRQHandler
                0x08003904                TIM1_UP_TIM10_IRQHandler
                0x08003904                TIM8_UP_TIM13_IRQHandler
                0x08003904                I2C3_ER_IRQHandler
                0x08003904                DFSDM1_FLT2_IRQHandler
                0x08003904                EXTI0_IRQHandler
                0x08003904                I2C2_EV_IRQHandler
                0x08003904                DMA1_Stream2_IRQHandler
                0x08003904                CAN1_RX0_IRQHandler
                0x08003904                FPU_IRQHandler
                0x08003904                OTG_HS_WKUP_IRQHandler
                0x08003904                CAN3_SCE_IRQHandler
                0x08003904                LTDC_ER_IRQHandler
                0x08003904                CAN2_SCE_IRQHandler
                0x08003904                DMA2_Stream2_IRQHandler
                0x08003904                SPI1_IRQHandler
                0x08003904                TIM6_DAC_IRQHandler
                0x08003904                TIM1_BRK_TIM9_IRQHandler
                0x08003904                DCMI_IRQHandler
                0x08003904                CAN2_RX0_IRQHandler
                0x08003904                DMA2_Stream3_IRQHandler
                0x08003904                SAI2_IRQHandler
                0x08003904                DFSDM1_FLT3_IRQHandler
                0x08003904                USART6_IRQHandler
                0x08003904                CAN3_RX0_IRQHandler
                0x08003904                USART3_IRQHandler
                0x08003904                CAN1_RX1_IRQHandler
                0x08003904                UART5_IRQHandler
                0x08003904                DMA2_Stream0_IRQHandler
                0x08003904                TIM4_IRQHandler
                0x08003904                QUADSPI_IRQHandler
                0x08003904                I2C1_EV_IRQHandler
                0x08003904                DMA1_Stream6_IRQHandler
                0x08003904                DMA1_Stream1_IRQHandler
                0x08003904                UART4_IRQHandler
                0x08003904                TIM3_IRQHandler
                0x08003904                RCC_IRQHandler
                0x08003904                TIM8_BRK_TIM12_IRQHandler
                0x08003904                Default_Handler
                0x08003904                CEC_IRQHandler
                0x08003904                EXTI15_10_IRQHandler
                0x08003904                ADC_IRQHandler
                0x08003904                DMA1_Stream7_IRQHandler
                0x08003904                SPI5_IRQHandler
                0x08003904                TIM7_IRQHandler
                0x08003904                SDMMC1_IRQHandler
                0x08003904                CAN2_TX_IRQHandler
                0x08003904                TIM5_IRQHandler
                0x08003904                DMA2_Stream7_IRQHandler
                0x08003904                I2C3_EV_IRQHandler
                0x08003904                EXTI9_5_IRQHandler
                0x08003904                RTC_WKUP_IRQHandler
                0x08003904                LTDC_IRQHandler
                0x08003904                ETH_WKUP_IRQHandler
                0x08003904                SPDIF_RX_IRQHandler
                0x08003904                SPI2_IRQHandler
                0x08003904                OTG_HS_EP1_IN_IRQHandler
                0x08003904                DMA1_Stream0_IRQHandler
                0x08003904                CAN1_TX_IRQHandler
                0x08003904                EXTI4_IRQHandler
                0x08003904                RNG_IRQHandler
                0x08003904                DSI_IRQHandler
                0x08003904                ETH_IRQHandler
                0x08003904                OTG_HS_EP1_OUT_IRQHandler
                0x08003904                WWDG_IRQHandler
                0x08003904                SPI6_IRQHandler
                0x08003904                MDIOS_IRQHandler
                0x08003904                I2C4_EV_IRQHandler
                0x08003904                CAN3_TX_IRQHandler
                0x08003904                TIM2_IRQHandler
                0x08003904                OTG_FS_WKUP_IRQHandler
                0x08003904                TIM1_TRG_COM_TIM11_IRQHandler
                0x08003904                OTG_HS_IRQHandler
                0x08003904                DMA2D_IRQHandler
                0x08003904                EXTI1_IRQHandler
                0x08003904                SDMMC2_IRQHandler
                0x08003904                UART7_IRQHandler
                0x08003904                USART2_IRQHandler
                0x08003904                DFSDM1_FLT0_IRQHandler
                0x08003904                I2C2_ER_IRQHandler
                0x08003904                DMA2_Stream1_IRQHandler
                0x08003904                CAN1_SCE_IRQHandler
                0x08003904                FLASH_IRQHandler
                0x08003904                DMA2_Stream4_IRQHandler
                0x08003904                USART1_IRQHandler
                0x08003904                OTG_FS_IRQHandler
                0x08003904                SPI3_IRQHandler
                0x08003904                DMA1_Stream4_IRQHandler
                0x08003904                I2C1_ER_IRQHandler
                0x08003904                FMC_IRQHandler
                0x08003904                LPTIM1_IRQHandler
                0x08003904                I2C4_ER_IRQHandler
                0x08003904                DMA2_Stream6_IRQHandler
                0x08003904                SAI1_IRQHandler
                0x08003904                DMA1_Stream3_IRQHandler
 .text.HAL_Init
                0x08003906       0x1a ./Drivers/STM32F7xx_HAL_Driver/Src/stm32f7xx_hal.o
                0x08003906                HAL_Init
 .text.HAL_InitTick
                0x08003920       0x60 ./Drivers/STM32F7xx_HAL_Driver/Src/stm32f7xx_hal.o
                0x08003920                HAL_InitTick
 .text.HAL_IncTick
                0x08003980       0x28 ./Drivers/STM32F7xx_HAL_Driver/Src/stm32f7xx_hal.o
                0x08003980                HAL_IncTick
 .text.HAL_GetTick
                0x080039a8       0x18 ./Drivers/STM32F7xx_HAL_Driver/Src/stm32f7xx_hal.o
                0x080039a8                HAL_GetTick
 .text.HAL_Delay
                0x080039c0       0x48 ./Drivers/STM32F7xx_HAL_Driver/Src/stm32f7xx_hal.o
                0x080039c0                HAL_Delay
 .text.HAL_ADC_Init
                0x08003a08       0x88 ./Drivers/STM32F7xx_HAL_Driver/Src/stm32f7xx_hal_adc.o
                0x08003a08                HAL_ADC_Init
 .text.HAL_ADC_ConfigChannel
                0x08003a90      0x2b4 ./Drivers/STM32F7xx_HAL_Driver/Src/stm32f7xx_hal_adc.o
                0x08003a90                HAL_ADC_ConfigChannel
 .text.ADC_Init
                0x08003d44      0x1f4 ./Drivers/STM32F7xx_HAL_Driver/Src/stm32f7xx_hal_adc.o
 .text.__NVIC_SetPriorityGrouping
                0x08003f38       0x48 ./Drivers/STM32F7xx_HAL_Driver/Src/stm32f7xx_hal_cortex.o
 .text.__NVIC_GetPriorityGrouping
                0x08003f80       0x1c ./Drivers/STM32F7xx_HAL_Driver/Src/stm32f7xx_hal_cortex.o
 .text.__NVIC_SetPriority
                0x08003f9c       0x54 ./Drivers/STM32F7xx_HAL_Driver/Src/stm32f7xx_hal_cortex.o
 .text.NVIC_EncodePriority
                0x08003ff0       0x66 ./Drivers/STM32F7xx_HAL_Driver/Src/stm32f7xx_hal_cortex.o
 *fill*         0x08004056        0x2 
 .text.SysTick_Config
                0x08004058       0x44 ./Drivers/STM32F7xx_HAL_Driver/Src/stm32f7xx_hal_cortex.o
 .text.HAL_NVIC_SetPriorityGrouping
                0x0800409c       0x16 ./Drivers/STM32F7xx_HAL_Driver/Src/stm32f7xx_hal_cortex.o
                0x0800409c                HAL_NVIC_SetPriorityGrouping
 .text.HAL_NVIC_SetPriority
                0x080040b2       0x38 ./Drivers/STM32F7xx_HAL_Driver/Src/stm32f7xx_hal_cortex.o
                0x080040b2                HAL_NVIC_SetPriority
 .text.HAL_SYSTICK_Config
                0x080040ea       0x18 ./Drivers/STM32F7xx_HAL_Driver/Src/stm32f7xx_hal_cortex.o
                0x080040ea                HAL_SYSTICK_Config
 *fill*         0x08004102        0x2 
 .text.HAL_GPIO_Init
                0x08004104      0x358 ./Drivers/STM32F7xx_HAL_Driver/Src/stm32f7xx_hal_gpio.o
                0x08004104                HAL_GPIO_Init
 .text.HAL_GPIO_WritePin
                0x0800445c       0x32 ./Drivers/STM32F7xx_HAL_Driver/Src/stm32f7xx_hal_gpio.o
                0x0800445c                HAL_GPIO_WritePin
 .text.HAL_GPIO_TogglePin
                0x0800448e       0x34 ./Drivers/STM32F7xx_HAL_Driver/Src/stm32f7xx_hal_gpio.o
                0x0800448e                HAL_GPIO_TogglePin
 *fill*         0x080044c2        0x2 
 .text.HAL_I2C_Init
                0x080044c4      0x138 ./Drivers/STM32F7xx_HAL_Driver/Src/stm32f7xx_hal_i2c.o
                0x080044c4                HAL_I2C_Init
 .text.HAL_I2C_Master_Transmit
                0x080045fc      0x230 ./Drivers/STM32F7xx_HAL_Driver/Src/stm32f7xx_hal_i2c.o
                0x080045fc                HAL_I2C_Master_Transmit
 .text.HAL_I2C_Master_Receive
                0x0800482c      0x1ec ./Drivers/STM32F7xx_HAL_Driver/Src/stm32f7xx_hal_i2c.o
                0x0800482c                HAL_I2C_Master_Receive
 .text.HAL_I2C_Mem_Write
                0x08004a18      0x228 ./Drivers/STM32F7xx_HAL_Driver/Src/stm32f7xx_hal_i2c.o
                0x08004a18                HAL_I2C_Mem_Write
 .text.HAL_I2C_Mem_Read
                0x08004c40      0x234 ./Drivers/STM32F7xx_HAL_Driver/Src/stm32f7xx_hal_i2c.o
                0x08004c40                HAL_I2C_Mem_Read
 .text.HAL_I2C_IsDeviceReady
                0x08004e74      0x20c ./Drivers/STM32F7xx_HAL_Driver/Src/stm32f7xx_hal_i2c.o
                0x08004e74                HAL_I2C_IsDeviceReady
 .text.I2C_RequestMemoryWrite
                0x08005080       0xa8 ./Drivers/STM32F7xx_HAL_Driver/Src/stm32f7xx_hal_i2c.o
 .text.I2C_RequestMemoryRead
                0x08005128       0xa8 ./Drivers/STM32F7xx_HAL_Driver/Src/stm32f7xx_hal_i2c.o
 .text.I2C_Flush_TXDR
                0x080051d0       0x48 ./Drivers/STM32F7xx_HAL_Driver/Src/stm32f7xx_hal_i2c.o
 .text.I2C_WaitOnFlagUntilTimeout
                0x08005218       0xb2 ./Drivers/STM32F7xx_HAL_Driver/Src/stm32f7xx_hal_i2c.o
 .text.I2C_WaitOnTXISFlagUntilTimeout
                0x080052ca       0x8e ./Drivers/STM32F7xx_HAL_Driver/Src/stm32f7xx_hal_i2c.o
 .text.I2C_WaitOnSTOPFlagUntilTimeout
                0x08005358       0x86 ./Drivers/STM32F7xx_HAL_Driver/Src/stm32f7xx_hal_i2c.o
 *fill*         0x080053de        0x2 
 .text.I2C_WaitOnRXNEFlagUntilTimeout
                0x080053e0      0x118 ./Drivers/STM32F7xx_HAL_Driver/Src/stm32f7xx_hal_i2c.o
 .text.I2C_IsErrorOccurred
                0x080054f8      0x1c0 ./Drivers/STM32F7xx_HAL_Driver/Src/stm32f7xx_hal_i2c.o
 .text.I2C_TransferConfig
                0x080056b8       0x64 ./Drivers/STM32F7xx_HAL_Driver/Src/stm32f7xx_hal_i2c.o
 .text.HAL_I2CEx_ConfigAnalogFilter
                0x0800571c       0x96 ./Drivers/STM32F7xx_HAL_Driver/Src/stm32f7xx_hal_i2c_ex.o
                0x0800571c                HAL_I2CEx_ConfigAnalogFilter
 .text.HAL_I2CEx_ConfigDigitalFilter
                0x080057b2       0x98 ./Drivers/STM32F7xx_HAL_Driver/Src/stm32f7xx_hal_i2c_ex.o
                0x080057b2                HAL_I2CEx_ConfigDigitalFilter
 *fill*         0x0800584a        0x2 
 .text.HAL_PWR_EnableBkUpAccess
                0x0800584c       0x20 ./Drivers/STM32F7xx_HAL_Driver/Src/stm32f7xx_hal_pwr.o
                0x0800584c                HAL_PWR_EnableBkUpAccess
 .text.HAL_PWREx_EnableOverDrive
                0x0800586c       0xa0 ./Drivers/STM32F7xx_HAL_Driver/Src/stm32f7xx_hal_pwr_ex.o
                0x0800586c                HAL_PWREx_EnableOverDrive
 .text.HAL_RCC_OscConfig
                0x0800590c      0x55c ./Drivers/STM32F7xx_HAL_Driver/Src/stm32f7xx_hal_rcc.o
                0x0800590c                HAL_RCC_OscConfig
 .text.HAL_RCC_ClockConfig
                0x08005e68      0x1d8 ./Drivers/STM32F7xx_HAL_Driver/Src/stm32f7xx_hal_rcc.o
                0x08005e68                HAL_RCC_ClockConfig
 .text.HAL_RCC_MCOConfig
                0x08006040       0xc8 ./Drivers/STM32F7xx_HAL_Driver/Src/stm32f7xx_hal_rcc.o
                0x08006040                HAL_RCC_MCOConfig
 .text.HAL_RCC_GetSysClockFreq
                0x08006108      0x18c ./Drivers/STM32F7xx_HAL_Driver/Src/stm32f7xx_hal_rcc.o
                0x08006108                HAL_RCC_GetSysClockFreq
 .text.HAL_RCC_GetHCLKFreq
                0x08006294       0x18 ./Drivers/STM32F7xx_HAL_Driver/Src/stm32f7xx_hal_rcc.o
                0x08006294                HAL_RCC_GetHCLKFreq
 .text.HAL_RCC_GetPCLK1Freq
                0x080062ac       0x28 ./Drivers/STM32F7xx_HAL_Driver/Src/stm32f7xx_hal_rcc.o
                0x080062ac                HAL_RCC_GetPCLK1Freq
 .text.HAL_RCC_GetPCLK2Freq
                0x080062d4       0x28 ./Drivers/STM32F7xx_HAL_Driver/Src/stm32f7xx_hal_rcc.o
                0x080062d4                HAL_RCC_GetPCLK2Freq
 .text.HAL_RCCEx_PeriphCLKConfig
                0x080062fc      0x850 ./Drivers/STM32F7xx_HAL_Driver/Src/stm32f7xx_hal_rcc_ex.o
                0x080062fc                HAL_RCCEx_PeriphCLKConfig
 .text.HAL_UART_Init
                0x08006b4c       0x9c ./Drivers/STM32F7xx_HAL_Driver/Src/stm32f7xx_hal_uart.o
                0x08006b4c                HAL_UART_Init
 .text.HAL_UART_Transmit
                0x08006be8      0x112 ./Drivers/STM32F7xx_HAL_Driver/Src/stm32f7xx_hal_uart.o
                0x08006be8                HAL_UART_Transmit
 .text.HAL_UART_Receive
                0x08006cfa      0x190 ./Drivers/STM32F7xx_HAL_Driver/Src/stm32f7xx_hal_uart.o
                0x08006cfa                HAL_UART_Receive
 *fill*         0x08006e8a        0x2 
 .text.UART_SetConfig
                0x08006e8c      0x4c8 ./Drivers/STM32F7xx_HAL_Driver/Src/stm32f7xx_hal_uart.o
                0x08006e8c                UART_SetConfig
 .text.UART_AdvFeatureConfig
                0x08007354      0x144 ./Drivers/STM32F7xx_HAL_Driver/Src/stm32f7xx_hal_uart.o
                0x08007354                UART_AdvFeatureConfig
 .text.UART_CheckIdleState
                0x08007498      0x150 ./Drivers/STM32F7xx_HAL_Driver/Src/stm32f7xx_hal_uart.o
                0x08007498                UART_CheckIdleState
 .text.UART_WaitOnFlagUntilTimeout
                0x080075e8       0xda ./Drivers/STM32F7xx_HAL_Driver/Src/stm32f7xx_hal_uart.o
                0x080075e8                UART_WaitOnFlagUntilTimeout
 .text.UART_EndRxTransfer
                0x080076c2       0xc8 ./Drivers/STM32F7xx_HAL_Driver/Src/stm32f7xx_hal_uart.o
 *fill*         0x0800778a        0x2 
 .text._strtoul_l.isra.0
                0x0800778c       0xdc D:/Nouveau dossier/STM32CubeIDE_1.18.1/STM32CubeIDE/plugins/com.st.stm32cube.ide.mcu.externaltools.gnu-tools-for-stm32.13.3.rel1.win32_1.0.0.202411081344/tools/bin/../lib/gcc/arm-none-eabi/13.3.1/../../../../arm-none-eabi/lib/thumb/v7e-m+dp/hard\libc_nano.a(libc_a-strtoul.o)
 .text.strtoul  0x08007868       0x14 D:/Nouveau dossier/STM32CubeIDE_1.18.1/STM32CubeIDE/plugins/com.st.stm32cube.ide.mcu.externaltools.gnu-tools-for-stm32.13.3.rel1.win32_1.0.0.202411081344/tools/bin/../lib/gcc/arm-none-eabi/13.3.1/../../../../arm-none-eabi/lib/thumb/v7e-m+dp/hard\libc_nano.a(libc_a-strtoul.o)
                0x08007868                strtoul
 .text.__cvt    0x0800787c       0xa8 D:/Nouveau dossier/STM32CubeIDE_1.18.1/STM32CubeIDE/plugins/com.st.stm32cube.ide.mcu.externaltools.gnu-tools-for-stm32.13.3.rel1.win32_1.0.0.202411081344/tools/bin/../lib/gcc/arm-none-eabi/13.3.1/../../../../arm-none-eabi/lib/thumb/v7e-m+dp/hard\libc_nano.a(libc_a-nano-vfprintf_float.o)
                0x0800787c                __cvt
 .text.__exponent
                0x08007924       0x74 D:/Nouveau dossier/STM32CubeIDE_1.18.1/STM32CubeIDE/plugins/com.st.stm32cube.ide.mcu.externaltools.gnu-tools-for-stm32.13.3.rel1.win32_1.0.0.202411081344/tools/bin/../lib/gcc/arm-none-eabi/13.3.1/../../../../arm-none-eabi/lib/thumb/v7e-m+dp/hard\libc_nano.a(libc_a-nano-vfprintf_float.o)
                0x08007924                __exponent
 .text._printf_float
                0x08007998      0x434 D:/Nouveau dossier/STM32CubeIDE_1.18.1/STM32CubeIDE/plugins/com.st.stm32cube.ide.mcu.externaltools.gnu-tools-for-stm32.13.3.rel1.win32_1.0.0.202411081344/tools/bin/../lib/gcc/arm-none-eabi/13.3.1/../../../../arm-none-eabi/lib/thumb/v7e-m+dp/hard\libc_nano.a(libc_a-nano-vfprintf_float.o)
                0x08007998                _printf_float
 .text._printf_common
                0x08007dcc       0xda D:/Nouveau dossier/STM32CubeIDE_1.18.1/STM32CubeIDE/plugins/com.st.stm32cube.ide.mcu.externaltools.gnu-tools-for-stm32.13.3.rel1.win32_1.0.0.202411081344/tools/bin/../lib/gcc/arm-none-eabi/13.3.1/../../../../arm-none-eabi/lib/thumb/v7e-m+dp/hard\libc_nano.a(libc_a-nano-vfprintf_i.o)
                0x08007dcc                _printf_common
 *fill*         0x08007ea6        0x2 
 .text._printf_i
                0x08007ea8      0x23c D:/Nouveau dossier/STM32CubeIDE_1.18.1/STM32CubeIDE/plugins/com.st.stm32cube.ide.mcu.externaltools.gnu-tools-for-stm32.13.3.rel1.win32_1.0.0.202411081344/tools/bin/../lib/gcc/arm-none-eabi/13.3.1/../../../../arm-none-eabi/lib/thumb/v7e-m+dp/hard\libc_nano.a(libc_a-nano-vfprintf_i.o)
                0x08007ea8                _printf_i
 .text.std      0x080080e4       0x6c D:/Nouveau dossier/STM32CubeIDE_1.18.1/STM32CubeIDE/plugins/com.st.stm32cube.ide.mcu.externaltools.gnu-tools-for-stm32.13.3.rel1.win32_1.0.0.202411081344/tools/bin/../lib/gcc/arm-none-eabi/13.3.1/../../../../arm-none-eabi/lib/thumb/v7e-m+dp/hard\libc_nano.a(libc_a-findfp.o)
 .text.stdio_exit_handler
                0x08008150       0x18 D:/Nouveau dossier/STM32CubeIDE_1.18.1/STM32CubeIDE/plugins/com.st.stm32cube.ide.mcu.externaltools.gnu-tools-for-stm32.13.3.rel1.win32_1.0.0.202411081344/tools/bin/../lib/gcc/arm-none-eabi/13.3.1/../../../../arm-none-eabi/lib/thumb/v7e-m+dp/hard\libc_nano.a(libc_a-findfp.o)
 .text.cleanup_stdio
                0x08008168       0x40 D:/Nouveau dossier/STM32CubeIDE_1.18.1/STM32CubeIDE/plugins/com.st.stm32cube.ide.mcu.externaltools.gnu-tools-for-stm32.13.3.rel1.win32_1.0.0.202411081344/tools/bin/../lib/gcc/arm-none-eabi/13.3.1/../../../../arm-none-eabi/lib/thumb/v7e-m+dp/hard\libc_nano.a(libc_a-findfp.o)
 .text.global_stdio_init.part.0
                0x080081a8       0x3c D:/Nouveau dossier/STM32CubeIDE_1.18.1/STM32CubeIDE/plugins/com.st.stm32cube.ide.mcu.externaltools.gnu-tools-for-stm32.13.3.rel1.win32_1.0.0.202411081344/tools/bin/../lib/gcc/arm-none-eabi/13.3.1/../../../../arm-none-eabi/lib/thumb/v7e-m+dp/hard\libc_nano.a(libc_a-findfp.o)
 .text.__sfp_lock_acquire
                0x080081e4        0xc D:/Nouveau dossier/STM32CubeIDE_1.18.1/STM32CubeIDE/plugins/com.st.stm32cube.ide.mcu.externaltools.gnu-tools-for-stm32.13.3.rel1.win32_1.0.0.202411081344/tools/bin/../lib/gcc/arm-none-eabi/13.3.1/../../../../arm-none-eabi/lib/thumb/v7e-m+dp/hard\libc_nano.a(libc_a-findfp.o)
                0x080081e4                __sfp_lock_acquire
 .text.__sfp_lock_release
                0x080081f0        0xc D:/Nouveau dossier/STM32CubeIDE_1.18.1/STM32CubeIDE/plugins/com.st.stm32cube.ide.mcu.externaltools.gnu-tools-for-stm32.13.3.rel1.win32_1.0.0.202411081344/tools/bin/../lib/gcc/arm-none-eabi/13.3.1/../../../../arm-none-eabi/lib/thumb/v7e-m+dp/hard\libc_nano.a(libc_a-findfp.o)
                0x080081f0                __sfp_lock_release
 .text.__sinit  0x080081fc       0x30 D:/Nouveau dossier/STM32CubeIDE_1.18.1/STM32CubeIDE/plugins/com.st.stm32cube.ide.mcu.externaltools.gnu-tools-for-stm32.13.3.rel1.win32_1.0.0.202411081344/tools/bin/../lib/gcc/arm-none-eabi/13.3.1/../../../../arm-none-eabi/lib/thumb/v7e-m+dp/hard\libc_nano.a(libc_a-findfp.o)
                0x080081fc                __sinit
 .text._fwalk_sglue
                0x0800822c       0x3c D:/Nouveau dossier/STM32CubeIDE_1.18.1/STM32CubeIDE/plugins/com.st.stm32cube.ide.mcu.externaltools.gnu-tools-for-stm32.13.3.rel1.win32_1.0.0.202411081344/tools/bin/../lib/gcc/arm-none-eabi/13.3.1/../../../../arm-none-eabi/lib/thumb/v7e-m+dp/hard\libc_nano.a(libc_a-fwalk.o)
                0x0800822c                _fwalk_sglue
 .text.snprintf
                0x08008268       0x6c D:/Nouveau dossier/STM32CubeIDE_1.18.1/STM32CubeIDE/plugins/com.st.stm32cube.ide.mcu.externaltools.gnu-tools-for-stm32.13.3.rel1.win32_1.0.0.202411081344/tools/bin/../lib/gcc/arm-none-eabi/13.3.1/../../../../arm-none-eabi/lib/thumb/v7e-m+dp/hard\libc_nano.a(libc_a-snprintf.o)
                0x08008268                sniprintf
                0x08008268                snprintf
 .text.sprintf  0x080082d4       0x44 D:/Nouveau dossier/STM32CubeIDE_1.18.1/STM32CubeIDE/plugins/com.st.stm32cube.ide.mcu.externaltools.gnu-tools-for-stm32.13.3.rel1.win32_1.0.0.202411081344/tools/bin/../lib/gcc/arm-none-eabi/13.3.1/../../../../arm-none-eabi/lib/thumb/v7e-m+dp/hard\libc_nano.a(libc_a-sprintf.o)
                0x080082d4                siprintf
                0x080082d4                sprintf
 .text.__sread  0x08008318       0x22 D:/Nouveau dossier/STM32CubeIDE_1.18.1/STM32CubeIDE/plugins/com.st.stm32cube.ide.mcu.externaltools.gnu-tools-for-stm32.13.3.rel1.win32_1.0.0.202411081344/tools/bin/../lib/gcc/arm-none-eabi/13.3.1/../../../../arm-none-eabi/lib/thumb/v7e-m+dp/hard\libc_nano.a(libc_a-stdio.o)
                0x08008318                __sread
 .text.__swrite
                0x0800833a       0x38 D:/Nouveau dossier/STM32CubeIDE_1.18.1/STM32CubeIDE/plugins/com.st.stm32cube.ide.mcu.externaltools.gnu-tools-for-stm32.13.3.rel1.win32_1.0.0.202411081344/tools/bin/../lib/gcc/arm-none-eabi/13.3.1/../../../../arm-none-eabi/lib/thumb/v7e-m+dp/hard\libc_nano.a(libc_a-stdio.o)
                0x0800833a                __swrite
 .text.__sseek  0x08008372       0x24 D:/Nouveau dossier/STM32CubeIDE_1.18.1/STM32CubeIDE/plugins/com.st.stm32cube.ide.mcu.externaltools.gnu-tools-for-stm32.13.3.rel1.win32_1.0.0.202411081344/tools/bin/../lib/gcc/arm-none-eabi/13.3.1/../../../../arm-none-eabi/lib/thumb/v7e-m+dp/hard\libc_nano.a(libc_a-stdio.o)
                0x08008372                __sseek
 .text.__sclose
                0x08008396        0x8 D:/Nouveau dossier/STM32CubeIDE_1.18.1/STM32CubeIDE/plugins/com.st.stm32cube.ide.mcu.externaltools.gnu-tools-for-stm32.13.3.rel1.win32_1.0.0.202411081344/tools/bin/../lib/gcc/arm-none-eabi/13.3.1/../../../../arm-none-eabi/lib/thumb/v7e-m+dp/hard\libc_nano.a(libc_a-stdio.o)
                0x08008396                __sclose
 .text.memset   0x0800839e       0x10 D:/Nouveau dossier/STM32CubeIDE_1.18.1/STM32CubeIDE/plugins/com.st.stm32cube.ide.mcu.externaltools.gnu-tools-for-stm32.13.3.rel1.win32_1.0.0.202411081344/tools/bin/../lib/gcc/arm-none-eabi/13.3.1/../../../../arm-none-eabi/lib/thumb/v7e-m+dp/hard\libc_nano.a(libc_a-memset.o)
                0x0800839e                memset
 .text.strchr   0x080083ae       0x1a D:/Nouveau dossier/STM32CubeIDE_1.18.1/STM32CubeIDE/plugins/com.st.stm32cube.ide.mcu.externaltools.gnu-tools-for-stm32.13.3.rel1.win32_1.0.0.202411081344/tools/bin/../lib/gcc/arm-none-eabi/13.3.1/../../../../arm-none-eabi/lib/thumb/v7e-m+dp/hard\libc_nano.a(libc_a-strchr.o)
                0x080083ae                strchr
 .text.strncat  0x080083c8       0x26 D:/Nouveau dossier/STM32CubeIDE_1.18.1/STM32CubeIDE/plugins/com.st.stm32cube.ide.mcu.externaltools.gnu-tools-for-stm32.13.3.rel1.win32_1.0.0.202411081344/tools/bin/../lib/gcc/arm-none-eabi/13.3.1/../../../../arm-none-eabi/lib/thumb/v7e-m+dp/hard\libc_nano.a(libc_a-strncat.o)
                0x080083c8                strncat
 .text.strncpy  0x080083ee       0x26 D:/Nouveau dossier/STM32CubeIDE_1.18.1/STM32CubeIDE/plugins/com.st.stm32cube.ide.mcu.externaltools.gnu-tools-for-stm32.13.3.rel1.win32_1.0.0.202411081344/tools/bin/../lib/gcc/arm-none-eabi/13.3.1/../../../../arm-none-eabi/lib/thumb/v7e-m+dp/hard\libc_nano.a(libc_a-strncpy.o)
                0x080083ee                strncpy
 .text.strstr   0x08008414       0x2c D:/Nouveau dossier/STM32CubeIDE_1.18.1/STM32CubeIDE/plugins/com.st.stm32cube.ide.mcu.externaltools.gnu-tools-for-stm32.13.3.rel1.win32_1.0.0.202411081344/tools/bin/../lib/gcc/arm-none-eabi/13.3.1/../../../../arm-none-eabi/lib/thumb/v7e-m+dp/hard\libc_nano.a(libc_a-strstr.o)
                0x08008414                strstr
 .text._localeconv_r
                0x08008440        0x8 D:/Nouveau dossier/STM32CubeIDE_1.18.1/STM32CubeIDE/plugins/com.st.stm32cube.ide.mcu.externaltools.gnu-tools-for-stm32.13.3.rel1.win32_1.0.0.202411081344/tools/bin/../lib/gcc/arm-none-eabi/13.3.1/../../../../arm-none-eabi/lib/thumb/v7e-m+dp/hard\libc_nano.a(libc_a-localeconv.o)
                0x08008440                _localeconv_r
 .text._close_r
                0x08008448       0x20 D:/Nouveau dossier/STM32CubeIDE_1.18.1/STM32CubeIDE/plugins/com.st.stm32cube.ide.mcu.externaltools.gnu-tools-for-stm32.13.3.rel1.win32_1.0.0.202411081344/tools/bin/../lib/gcc/arm-none-eabi/13.3.1/../../../../arm-none-eabi/lib/thumb/v7e-m+dp/hard\libc_nano.a(libc_a-closer.o)
                0x08008448                _close_r
 .text._lseek_r
                0x08008468       0x24 D:/Nouveau dossier/STM32CubeIDE_1.18.1/STM32CubeIDE/plugins/com.st.stm32cube.ide.mcu.externaltools.gnu-tools-for-stm32.13.3.rel1.win32_1.0.0.202411081344/tools/bin/../lib/gcc/arm-none-eabi/13.3.1/../../../../arm-none-eabi/lib/thumb/v7e-m+dp/hard\libc_nano.a(libc_a-lseekr.o)
                0x08008468                _lseek_r
 .text._read_r  0x0800848c       0x24 D:/Nouveau dossier/STM32CubeIDE_1.18.1/STM32CubeIDE/plugins/com.st.stm32cube.ide.mcu.externaltools.gnu-tools-for-stm32.13.3.rel1.win32_1.0.0.202411081344/tools/bin/../lib/gcc/arm-none-eabi/13.3.1/../../../../arm-none-eabi/lib/thumb/v7e-m+dp/hard\libc_nano.a(libc_a-readr.o)
                0x0800848c                _read_r
 .text._write_r
                0x080084b0       0x24 D:/Nouveau dossier/STM32CubeIDE_1.18.1/STM32CubeIDE/plugins/com.st.stm32cube.ide.mcu.externaltools.gnu-tools-for-stm32.13.3.rel1.win32_1.0.0.202411081344/tools/bin/../lib/gcc/arm-none-eabi/13.3.1/../../../../arm-none-eabi/lib/thumb/v7e-m+dp/hard\libc_nano.a(libc_a-writer.o)
                0x080084b0                _write_r
 .text.__errno  0x080084d4        0xc D:/Nouveau dossier/STM32CubeIDE_1.18.1/STM32CubeIDE/plugins/com.st.stm32cube.ide.mcu.externaltools.gnu-tools-for-stm32.13.3.rel1.win32_1.0.0.202411081344/tools/bin/../lib/gcc/arm-none-eabi/13.3.1/../../../../arm-none-eabi/lib/thumb/v7e-m+dp/hard\libc_nano.a(libc_a-errno.o)
                0x080084d4                __errno
 .text.__libc_init_array
                0x080084e0       0x48 D:/Nouveau dossier/STM32CubeIDE_1.18.1/STM32CubeIDE/plugins/com.st.stm32cube.ide.mcu.externaltools.gnu-tools-for-stm32.13.3.rel1.win32_1.0.0.202411081344/tools/bin/../lib/gcc/arm-none-eabi/13.3.1/../../../../arm-none-eabi/lib/thumb/v7e-m+dp/hard\libc_nano.a(libc_a-init.o)
                0x080084e0                __libc_init_array
 .text.__retarget_lock_init_recursive
                0x08008528        0x2 D:/Nouveau dossier/STM32CubeIDE_1.18.1/STM32CubeIDE/plugins/com.st.stm32cube.ide.mcu.externaltools.gnu-tools-for-stm32.13.3.rel1.win32_1.0.0.202411081344/tools/bin/../lib/gcc/arm-none-eabi/13.3.1/../../../../arm-none-eabi/lib/thumb/v7e-m+dp/hard\libc_nano.a(libc_a-lock.o)
                0x08008528                __retarget_lock_init_recursive
 .text.__retarget_lock_acquire_recursive
                0x0800852a        0x2 D:/Nouveau dossier/STM32CubeIDE_1.18.1/STM32CubeIDE/plugins/com.st.stm32cube.ide.mcu.externaltools.gnu-tools-for-stm32.13.3.rel1.win32_1.0.0.202411081344/tools/bin/../lib/gcc/arm-none-eabi/13.3.1/../../../../arm-none-eabi/lib/thumb/v7e-m+dp/hard\libc_nano.a(libc_a-lock.o)
                0x0800852a                __retarget_lock_acquire_recursive
 .text.__retarget_lock_release_recursive
                0x0800852c        0x2 D:/Nouveau dossier/STM32CubeIDE_1.18.1/STM32CubeIDE/plugins/com.st.stm32cube.ide.mcu.externaltools.gnu-tools-for-stm32.13.3.rel1.win32_1.0.0.202411081344/tools/bin/../lib/gcc/arm-none-eabi/13.3.1/../../../../arm-none-eabi/lib/thumb/v7e-m+dp/hard\libc_nano.a(libc_a-lock.o)
                0x0800852c                __retarget_lock_release_recursive
 .text.quorem   0x0800852e      0x110 D:/Nouveau dossier/STM32CubeIDE_1.18.1/STM32CubeIDE/plugins/com.st.stm32cube.ide.mcu.externaltools.gnu-tools-for-stm32.13.3.rel1.win32_1.0.0.202411081344/tools/bin/../lib/gcc/arm-none-eabi/13.3.1/../../../../arm-none-eabi/lib/thumb/v7e-m+dp/hard\libc_nano.a(libc_a-dtoa.o)
 *fill*         0x0800863e        0x2 
 .text._dtoa_r  0x08008640      0xabc D:/Nouveau dossier/STM32CubeIDE_1.18.1/STM32CubeIDE/plugins/com.st.stm32cube.ide.mcu.externaltools.gnu-tools-for-stm32.13.3.rel1.win32_1.0.0.202411081344/tools/bin/../lib/gcc/arm-none-eabi/13.3.1/../../../../arm-none-eabi/lib/thumb/v7e-m+dp/hard\libc_nano.a(libc_a-dtoa.o)
                0x08008640                _dtoa_r
 .text._free_r  0x080090fc       0x94 D:/Nouveau dossier/STM32CubeIDE_1.18.1/STM32CubeIDE/plugins/com.st.stm32cube.ide.mcu.externaltools.gnu-tools-for-stm32.13.3.rel1.win32_1.0.0.202411081344/tools/bin/../lib/gcc/arm-none-eabi/13.3.1/../../../../arm-none-eabi/lib/thumb/v7e-m+dp/hard\libc_nano.a(libc_a-freer.o)
                0x080090fc                _free_r
 .text.malloc   0x08009190       0x10 D:/Nouveau dossier/STM32CubeIDE_1.18.1/STM32CubeIDE/plugins/com.st.stm32cube.ide.mcu.externaltools.gnu-tools-for-stm32.13.3.rel1.win32_1.0.0.202411081344/tools/bin/../lib/gcc/arm-none-eabi/13.3.1/../../../../arm-none-eabi/lib/thumb/v7e-m+dp/hard\libc_nano.a(libc_a-malloc.o)
                0x08009190                malloc
 .text.sbrk_aligned
                0x080091a0       0x44 D:/Nouveau dossier/STM32CubeIDE_1.18.1/STM32CubeIDE/plugins/com.st.stm32cube.ide.mcu.externaltools.gnu-tools-for-stm32.13.3.rel1.win32_1.0.0.202411081344/tools/bin/../lib/gcc/arm-none-eabi/13.3.1/../../../../arm-none-eabi/lib/thumb/v7e-m+dp/hard\libc_nano.a(libc_a-mallocr.o)
 .text._malloc_r
                0x080091e4      0x100 D:/Nouveau dossier/STM32CubeIDE_1.18.1/STM32CubeIDE/plugins/com.st.stm32cube.ide.mcu.externaltools.gnu-tools-for-stm32.13.3.rel1.win32_1.0.0.202411081344/tools/bin/../lib/gcc/arm-none-eabi/13.3.1/../../../../arm-none-eabi/lib/thumb/v7e-m+dp/hard\libc_nano.a(libc_a-mallocr.o)
                0x080091e4                _malloc_r
 .text.__malloc_lock
                0x080092e4        0xc D:/Nouveau dossier/STM32CubeIDE_1.18.1/STM32CubeIDE/plugins/com.st.stm32cube.ide.mcu.externaltools.gnu-tools-for-stm32.13.3.rel1.win32_1.0.0.202411081344/tools/bin/../lib/gcc/arm-none-eabi/13.3.1/../../../../arm-none-eabi/lib/thumb/v7e-m+dp/hard\libc_nano.a(libc_a-mlock.o)
                0x080092e4                __malloc_lock
 .text.__malloc_unlock
                0x080092f0        0xc D:/Nouveau dossier/STM32CubeIDE_1.18.1/STM32CubeIDE/plugins/com.st.stm32cube.ide.mcu.externaltools.gnu-tools-for-stm32.13.3.rel1.win32_1.0.0.202411081344/tools/bin/../lib/gcc/arm-none-eabi/13.3.1/../../../../arm-none-eabi/lib/thumb/v7e-m+dp/hard\libc_nano.a(libc_a-mlock.o)
                0x080092f0                __malloc_unlock
 .text._Balloc  0x080092fc       0x80 D:/Nouveau dossier/STM32CubeIDE_1.18.1/STM32CubeIDE/plugins/com.st.stm32cube.ide.mcu.externaltools.gnu-tools-for-stm32.13.3.rel1.win32_1.0.0.202411081344/tools/bin/../lib/gcc/arm-none-eabi/13.3.1/../../../../arm-none-eabi/lib/thumb/v7e-m+dp/hard\libc_nano.a(libc_a-mprec.o)
                0x080092fc                _Balloc
 .text._Bfree   0x0800937c       0x44 D:/Nouveau dossier/STM32CubeIDE_1.18.1/STM32CubeIDE/plugins/com.st.stm32cube.ide.mcu.externaltools.gnu-tools-for-stm32.13.3.rel1.win32_1.0.0.202411081344/tools/bin/../lib/gcc/arm-none-eabi/13.3.1/../../../../arm-none-eabi/lib/thumb/v7e-m+dp/hard\libc_nano.a(libc_a-mprec.o)
                0x0800937c                _Bfree
 .text.__multadd
                0x080093c0       0x8c D:/Nouveau dossier/STM32CubeIDE_1.18.1/STM32CubeIDE/plugins/com.st.stm32cube.ide.mcu.externaltools.gnu-tools-for-stm32.13.3.rel1.win32_1.0.0.202411081344/tools/bin/../lib/gcc/arm-none-eabi/13.3.1/../../../../arm-none-eabi/lib/thumb/v7e-m+dp/hard\libc_nano.a(libc_a-mprec.o)
                0x080093c0                __multadd
 .text.__hi0bits
                0x0800944c       0x3e D:/Nouveau dossier/STM32CubeIDE_1.18.1/STM32CubeIDE/plugins/com.st.stm32cube.ide.mcu.externaltools.gnu-tools-for-stm32.13.3.rel1.win32_1.0.0.202411081344/tools/bin/../lib/gcc/arm-none-eabi/13.3.1/../../../../arm-none-eabi/lib/thumb/v7e-m+dp/hard\libc_nano.a(libc_a-mprec.o)
                0x0800944c                __hi0bits
 .text.__lo0bits
                0x0800948a       0x5a D:/Nouveau dossier/STM32CubeIDE_1.18.1/STM32CubeIDE/plugins/com.st.stm32cube.ide.mcu.externaltools.gnu-tools-for-stm32.13.3.rel1.win32_1.0.0.202411081344/tools/bin/../lib/gcc/arm-none-eabi/13.3.1/../../../../arm-none-eabi/lib/thumb/v7e-m+dp/hard\libc_nano.a(libc_a-mprec.o)
                0x0800948a                __lo0bits
 .text.__i2b    0x080094e4       0x2c D:/Nouveau dossier/STM32CubeIDE_1.18.1/STM32CubeIDE/plugins/com.st.stm32cube.ide.mcu.externaltools.gnu-tools-for-stm32.13.3.rel1.win32_1.0.0.202411081344/tools/bin/../lib/gcc/arm-none-eabi/13.3.1/../../../../arm-none-eabi/lib/thumb/v7e-m+dp/hard\libc_nano.a(libc_a-mprec.o)
                0x080094e4                __i2b
 .text.__multiply
                0x08009510      0x144 D:/Nouveau dossier/STM32CubeIDE_1.18.1/STM32CubeIDE/plugins/com.st.stm32cube.ide.mcu.externaltools.gnu-tools-for-stm32.13.3.rel1.win32_1.0.0.202411081344/tools/bin/../lib/gcc/arm-none-eabi/13.3.1/../../../../arm-none-eabi/lib/thumb/v7e-m+dp/hard\libc_nano.a(libc_a-mprec.o)
                0x08009510                __multiply
 .text.__pow5mult
                0x08009654       0xb4 D:/Nouveau dossier/STM32CubeIDE_1.18.1/STM32CubeIDE/plugins/com.st.stm32cube.ide.mcu.externaltools.gnu-tools-for-stm32.13.3.rel1.win32_1.0.0.202411081344/tools/bin/../lib/gcc/arm-none-eabi/13.3.1/../../../../arm-none-eabi/lib/thumb/v7e-m+dp/hard\libc_nano.a(libc_a-mprec.o)
                0x08009654                __pow5mult
 .text.__lshift
                0x08009708       0xd8 D:/Nouveau dossier/STM32CubeIDE_1.18.1/STM32CubeIDE/plugins/com.st.stm32cube.ide.mcu.externaltools.gnu-tools-for-stm32.13.3.rel1.win32_1.0.0.202411081344/tools/bin/../lib/gcc/arm-none-eabi/13.3.1/../../../../arm-none-eabi/lib/thumb/v7e-m+dp/hard\libc_nano.a(libc_a-mprec.o)
                0x08009708                __lshift
 .text.__mcmp   0x080097e0       0x36 D:/Nouveau dossier/STM32CubeIDE_1.18.1/STM32CubeIDE/plugins/com.st.stm32cube.ide.mcu.externaltools.gnu-tools-for-stm32.13.3.rel1.win32_1.0.0.202411081344/tools/bin/../lib/gcc/arm-none-eabi/13.3.1/../../../../arm-none-eabi/lib/thumb/v7e-m+dp/hard\libc_nano.a(libc_a-mprec.o)
                0x080097e0                __mcmp
 *fill*         0x08009816        0x2 
 .text.__mdiff  0x08009818      0x128 D:/Nouveau dossier/STM32CubeIDE_1.18.1/STM32CubeIDE/plugins/com.st.stm32cube.ide.mcu.externaltools.gnu-tools-for-stm32.13.3.rel1.win32_1.0.0.202411081344/tools/bin/../lib/gcc/arm-none-eabi/13.3.1/../../../../arm-none-eabi/lib/thumb/v7e-m+dp/hard\libc_nano.a(libc_a-mprec.o)
                0x08009818                __mdiff
 .text.__d2b    0x08009940       0xb0 D:/Nouveau dossier/STM32CubeIDE_1.18.1/STM32CubeIDE/plugins/com.st.stm32cube.ide.mcu.externaltools.gnu-tools-for-stm32.13.3.rel1.win32_1.0.0.202411081344/tools/bin/../lib/gcc/arm-none-eabi/13.3.1/../../../../arm-none-eabi/lib/thumb/v7e-m+dp/hard\libc_nano.a(libc_a-mprec.o)
                0x08009940                __d2b
 .text.__ssputs_r
                0x080099f0       0xb6 D:/Nouveau dossier/STM32CubeIDE_1.18.1/STM32CubeIDE/plugins/com.st.stm32cube.ide.mcu.externaltools.gnu-tools-for-stm32.13.3.rel1.win32_1.0.0.202411081344/tools/bin/../lib/gcc/arm-none-eabi/13.3.1/../../../../arm-none-eabi/lib/thumb/v7e-m+dp/hard\libc_nano.a(libc_a-nano-svfprintf.o)
                0x080099f0                __ssputs_r
 *fill*         0x08009aa6        0x2 
 .text._svfprintf_r
                0x08009aa8      0x1f8 D:/Nouveau dossier/STM32CubeIDE_1.18.1/STM32CubeIDE/plugins/com.st.stm32cube.ide.mcu.externaltools.gnu-tools-for-stm32.13.3.rel1.win32_1.0.0.202411081344/tools/bin/../lib/gcc/arm-none-eabi/13.3.1/../../../../arm-none-eabi/lib/thumb/v7e-m+dp/hard\libc_nano.a(libc_a-nano-svfprintf.o)
                0x08009aa8                _svfiprintf_r
                0x08009aa8                _svfprintf_r
 .text.__sflush_r
                0x08009ca0      0x108 D:/Nouveau dossier/STM32CubeIDE_1.18.1/STM32CubeIDE/plugins/com.st.stm32cube.ide.mcu.externaltools.gnu-tools-for-stm32.13.3.rel1.win32_1.0.0.202411081344/tools/bin/../lib/gcc/arm-none-eabi/13.3.1/../../../../arm-none-eabi/lib/thumb/v7e-m+dp/hard\libc_nano.a(libc_a-fflush.o)
                0x08009ca0                __sflush_r
 .text._fflush_r
                0x08009da8       0x50 D:/Nouveau dossier/STM32CubeIDE_1.18.1/STM32CubeIDE/plugins/com.st.stm32cube.ide.mcu.externaltools.gnu-tools-for-stm32.13.3.rel1.win32_1.0.0.202411081344/tools/bin/../lib/gcc/arm-none-eabi/13.3.1/../../../../arm-none-eabi/lib/thumb/v7e-m+dp/hard\libc_nano.a(libc_a-fflush.o)
                0x08009da8                _fflush_r
 .text.memmove  0x08009df8       0x34 D:/Nouveau dossier/STM32CubeIDE_1.18.1/STM32CubeIDE/plugins/com.st.stm32cube.ide.mcu.externaltools.gnu-tools-for-stm32.13.3.rel1.win32_1.0.0.202411081344/tools/bin/../lib/gcc/arm-none-eabi/13.3.1/../../../../arm-none-eabi/lib/thumb/v7e-m+dp/hard\libc_nano.a(libc_a-memmove.o)
                0x08009df8                memmove
 .text._sbrk_r  0x08009e2c       0x20 D:/Nouveau dossier/STM32CubeIDE_1.18.1/STM32CubeIDE/plugins/com.st.stm32cube.ide.mcu.externaltools.gnu-tools-for-stm32.13.3.rel1.win32_1.0.0.202411081344/tools/bin/../lib/gcc/arm-none-eabi/13.3.1/../../../../arm-none-eabi/lib/thumb/v7e-m+dp/hard\libc_nano.a(libc_a-sbrkr.o)
                0x08009e2c                _sbrk_r
 .text.memcpy   0x08009e4c       0x1c D:/Nouveau dossier/STM32CubeIDE_1.18.1/STM32CubeIDE/plugins/com.st.stm32cube.ide.mcu.externaltools.gnu-tools-for-stm32.13.3.rel1.win32_1.0.0.202411081344/tools/bin/../lib/gcc/arm-none-eabi/13.3.1/../../../../arm-none-eabi/lib/thumb/v7e-m+dp/hard\libc_nano.a(libc_a-memcpy-stub.o)
                0x08009e4c                memcpy
 .text.__assert_func
                0x08009e68       0x3c D:/Nouveau dossier/STM32CubeIDE_1.18.1/STM32CubeIDE/plugins/com.st.stm32cube.ide.mcu.externaltools.gnu-tools-for-stm32.13.3.rel1.win32_1.0.0.202411081344/tools/bin/../lib/gcc/arm-none-eabi/13.3.1/../../../../arm-none-eabi/lib/thumb/v7e-m+dp/hard\libc_nano.a(libc_a-assert.o)
                0x08009e68                __assert_func
 .text._calloc_r
                0x08009ea4       0x28 D:/Nouveau dossier/STM32CubeIDE_1.18.1/STM32CubeIDE/plugins/com.st.stm32cube.ide.mcu.externaltools.gnu-tools-for-stm32.13.3.rel1.win32_1.0.0.202411081344/tools/bin/../lib/gcc/arm-none-eabi/13.3.1/../../../../arm-none-eabi/lib/thumb/v7e-m+dp/hard\libc_nano.a(libc_a-callocr.o)
                0x08009ea4                _calloc_r
 .text.__ascii_mbtowc
                0x08009ecc       0x24 D:/Nouveau dossier/STM32CubeIDE_1.18.1/STM32CubeIDE/plugins/com.st.stm32cube.ide.mcu.externaltools.gnu-tools-for-stm32.13.3.rel1.win32_1.0.0.202411081344/tools/bin/../lib/gcc/arm-none-eabi/13.3.1/../../../../arm-none-eabi/lib/thumb/v7e-m+dp/hard\libc_nano.a(libc_a-mbtowc_r.o)
                0x08009ecc                __ascii_mbtowc
 .text._realloc_r
                0x08009ef0       0x5c D:/Nouveau dossier/STM32CubeIDE_1.18.1/STM32CubeIDE/plugins/com.st.stm32cube.ide.mcu.externaltools.gnu-tools-for-stm32.13.3.rel1.win32_1.0.0.202411081344/tools/bin/../lib/gcc/arm-none-eabi/13.3.1/../../../../arm-none-eabi/lib/thumb/v7e-m+dp/hard\libc_nano.a(libc_a-reallocr.o)
                0x08009ef0                _realloc_r
 .text.__ascii_wctomb
                0x08009f4c       0x1a D:/Nouveau dossier/STM32CubeIDE_1.18.1/STM32CubeIDE/plugins/com.st.stm32cube.ide.mcu.externaltools.gnu-tools-for-stm32.13.3.rel1.win32_1.0.0.202411081344/tools/bin/../lib/gcc/arm-none-eabi/13.3.1/../../../../arm-none-eabi/lib/thumb/v7e-m+dp/hard\libc_nano.a(libc_a-wctomb_r.o)
                0x08009f4c                __ascii_wctomb
 *fill*         0x08009f66        0x2 
 .text.fprintf  0x08009f68       0x24 D:/Nouveau dossier/STM32CubeIDE_1.18.1/STM32CubeIDE/plugins/com.st.stm32cube.ide.mcu.externaltools.gnu-tools-for-stm32.13.3.rel1.win32_1.0.0.202411081344/tools/bin/../lib/gcc/arm-none-eabi/13.3.1/../../../../arm-none-eabi/lib/thumb/v7e-m+dp/hard\libc_nano.a(libc_a-fprintf.o)
                0x08009f68                fiprintf
                0x08009f68                fprintf
 .text.abort    0x08009f8c        0xe D:/Nouveau dossier/STM32CubeIDE_1.18.1/STM32CubeIDE/plugins/com.st.stm32cube.ide.mcu.externaltools.gnu-tools-for-stm32.13.3.rel1.win32_1.0.0.202411081344/tools/bin/../lib/gcc/arm-none-eabi/13.3.1/../../../../arm-none-eabi/lib/thumb/v7e-m+dp/hard\libc_nano.a(libc_a-abort.o)
                0x08009f8c                abort
 .text._malloc_usable_size_r
                0x08009f9a       0x10 D:/Nouveau dossier/STM32CubeIDE_1.18.1/STM32CubeIDE/plugins/com.st.stm32cube.ide.mcu.externaltools.gnu-tools-for-stm32.13.3.rel1.win32_1.0.0.202411081344/tools/bin/../lib/gcc/arm-none-eabi/13.3.1/../../../../arm-none-eabi/lib/thumb/v7e-m+dp/hard\libc_nano.a(libc_a-msizer.o)
                0x08009f9a                _malloc_usable_size_r
 .text.__sfputc_r
                0x08009faa       0x2e D:/Nouveau dossier/STM32CubeIDE_1.18.1/STM32CubeIDE/plugins/com.st.stm32cube.ide.mcu.externaltools.gnu-tools-for-stm32.13.3.rel1.win32_1.0.0.202411081344/tools/bin/../lib/gcc/arm-none-eabi/13.3.1/../../../../arm-none-eabi/lib/thumb/v7e-m+dp/hard\libc_nano.a(libc_a-nano-vfprintf.o)
 .text.__sfputs_r
                0x08009fd8       0x24 D:/Nouveau dossier/STM32CubeIDE_1.18.1/STM32CubeIDE/plugins/com.st.stm32cube.ide.mcu.externaltools.gnu-tools-for-stm32.13.3.rel1.win32_1.0.0.202411081344/tools/bin/../lib/gcc/arm-none-eabi/13.3.1/../../../../arm-none-eabi/lib/thumb/v7e-m+dp/hard\libc_nano.a(libc_a-nano-vfprintf.o)
                0x08009fd8                __sfputs_r
 .text._vfprintf_r
                0x08009ffc      0x230 D:/Nouveau dossier/STM32CubeIDE_1.18.1/STM32CubeIDE/plugins/com.st.stm32cube.ide.mcu.externaltools.gnu-tools-for-stm32.13.3.rel1.win32_1.0.0.202411081344/tools/bin/../lib/gcc/arm-none-eabi/13.3.1/../../../../arm-none-eabi/lib/thumb/v7e-m+dp/hard\libc_nano.a(libc_a-nano-vfprintf.o)
                0x08009ffc                _vfprintf_r
                0x08009ffc                _vfiprintf_r
 .text.__swbuf_r
                0x0800a22c       0x7c D:/Nouveau dossier/STM32CubeIDE_1.18.1/STM32CubeIDE/plugins/com.st.stm32cube.ide.mcu.externaltools.gnu-tools-for-stm32.13.3.rel1.win32_1.0.0.202411081344/tools/bin/../lib/gcc/arm-none-eabi/13.3.1/../../../../arm-none-eabi/lib/thumb/v7e-m+dp/hard\libc_nano.a(libc_a-wbuf.o)
                0x0800a22c                __swbuf_r
 .text.__swsetup_r
                0x0800a2a8       0xac D:/Nouveau dossier/STM32CubeIDE_1.18.1/STM32CubeIDE/plugins/com.st.stm32cube.ide.mcu.externaltools.gnu-tools-for-stm32.13.3.rel1.win32_1.0.0.202411081344/tools/bin/../lib/gcc/arm-none-eabi/13.3.1/../../../../arm-none-eabi/lib/thumb/v7e-m+dp/hard\libc_nano.a(libc_a-wsetup.o)
                0x0800a2a8                __swsetup_r
 .text._raise_r
                0x0800a354       0x50 D:/Nouveau dossier/STM32CubeIDE_1.18.1/STM32CubeIDE/plugins/com.st.stm32cube.ide.mcu.externaltools.gnu-tools-for-stm32.13.3.rel1.win32_1.0.0.202411081344/tools/bin/../lib/gcc/arm-none-eabi/13.3.1/../../../../arm-none-eabi/lib/thumb/v7e-m+dp/hard\libc_nano.a(libc_a-signal.o)
                0x0800a354                _raise_r
 .text.raise    0x0800a3a4       0x10 D:/Nouveau dossier/STM32CubeIDE_1.18.1/STM32CubeIDE/plugins/com.st.stm32cube.ide.mcu.externaltools.gnu-tools-for-stm32.13.3.rel1.win32_1.0.0.202411081344/tools/bin/../lib/gcc/arm-none-eabi/13.3.1/../../../../arm-none-eabi/lib/thumb/v7e-m+dp/hard\libc_nano.a(libc_a-signal.o)
                0x0800a3a4                raise
 .text._kill_r  0x0800a3b4       0x24 D:/Nouveau dossier/STM32CubeIDE_1.18.1/STM32CubeIDE/plugins/com.st.stm32cube.ide.mcu.externaltools.gnu-tools-for-stm32.13.3.rel1.win32_1.0.0.202411081344/tools/bin/../lib/gcc/arm-none-eabi/13.3.1/../../../../arm-none-eabi/lib/thumb/v7e-m+dp/hard\libc_nano.a(libc_a-signalr.o)
                0x0800a3b4                _kill_r
 .text._getpid_r
                0x0800a3d8        0x4 D:/Nouveau dossier/STM32CubeIDE_1.18.1/STM32CubeIDE/plugins/com.st.stm32cube.ide.mcu.externaltools.gnu-tools-for-stm32.13.3.rel1.win32_1.0.0.202411081344/tools/bin/../lib/gcc/arm-none-eabi/13.3.1/../../../../arm-none-eabi/lib/thumb/v7e-m+dp/hard\libc_nano.a(libc_a-signalr.o)
                0x0800a3d8                _getpid_r
 .text.__swhatbuf_r
                0x0800a3dc       0x4c D:/Nouveau dossier/STM32CubeIDE_1.18.1/STM32CubeIDE/plugins/com.st.stm32cube.ide.mcu.externaltools.gnu-tools-for-stm32.13.3.rel1.win32_1.0.0.202411081344/tools/bin/../lib/gcc/arm-none-eabi/13.3.1/../../../../arm-none-eabi/lib/thumb/v7e-m+dp/hard\libc_nano.a(libc_a-makebuf.o)
                0x0800a3dc                __swhatbuf_r
 .text.__smakebuf_r
                0x0800a428       0x78 D:/Nouveau dossier/STM32CubeIDE_1.18.1/STM32CubeIDE/plugins/com.st.stm32cube.ide.mcu.externaltools.gnu-tools-for-stm32.13.3.rel1.win32_1.0.0.202411081344/tools/bin/../lib/gcc/arm-none-eabi/13.3.1/../../../../arm-none-eabi/lib/thumb/v7e-m+dp/hard\libc_nano.a(libc_a-makebuf.o)
                0x0800a428                __smakebuf_r
 .text._fstat_r
                0x0800a4a0       0x24 D:/Nouveau dossier/STM32CubeIDE_1.18.1/STM32CubeIDE/plugins/com.st.stm32cube.ide.mcu.externaltools.gnu-tools-for-stm32.13.3.rel1.win32_1.0.0.202411081344/tools/bin/../lib/gcc/arm-none-eabi/13.3.1/../../../../arm-none-eabi/lib/thumb/v7e-m+dp/hard\libc_nano.a(libc_a-fstatr.o)
                0x0800a4a0                _fstat_r
 .text._isatty_r
                0x0800a4c4       0x20 D:/Nouveau dossier/STM32CubeIDE_1.18.1/STM32CubeIDE/plugins/com.st.stm32cube.ide.mcu.externaltools.gnu-tools-for-stm32.13.3.rel1.win32_1.0.0.202411081344/tools/bin/../lib/gcc/arm-none-eabi/13.3.1/../../../../arm-none-eabi/lib/thumb/v7e-m+dp/hard\libc_nano.a(libc_a-isattyr.o)
                0x0800a4c4                _isatty_r
 *(.glue_7)
 .glue_7        0x0800a4e4        0x0 linker stubs
 *(.glue_7t)
 .glue_7t       0x0800a4e4        0x0 linker stubs
 *(.eh_frame)
 .eh_frame      0x0800a4e4        0x0 D:/Nouveau dossier/STM32CubeIDE_1.18.1/STM32CubeIDE/plugins/com.st.stm32cube.ide.mcu.externaltools.gnu-tools-for-stm32.13.3.rel1.win32_1.0.0.202411081344/tools/bin/../lib/gcc/arm-none-eabi/13.3.1/thumb/v7e-m+dp/hard/crtbegin.o
 *(.init)
 .init          0x0800a4e4        0x4 D:/Nouveau dossier/STM32CubeIDE_1.18.1/STM32CubeIDE/plugins/com.st.stm32cube.ide.mcu.externaltools.gnu-tools-for-stm32.13.3.rel1.win32_1.0.0.202411081344/tools/bin/../lib/gcc/arm-none-eabi/13.3.1/thumb/v7e-m+dp/hard/crti.o
                0x0800a4e4                _init
 .init          0x0800a4e8        0x8 D:/Nouveau dossier/STM32CubeIDE_1.18.1/STM32CubeIDE/plugins/com.st.stm32cube.ide.mcu.externaltools.gnu-tools-for-stm32.13.3.rel1.win32_1.0.0.202411081344/tools/bin/../lib/gcc/arm-none-eabi/13.3.1/thumb/v7e-m+dp/hard/crtn.o
 *(.fini)
 .fini          0x0800a4f0        0x4 D:/Nouveau dossier/STM32CubeIDE_1.18.1/STM32CubeIDE/plugins/com.st.stm32cube.ide.mcu.externaltools.gnu-tools-for-stm32.13.3.rel1.win32_1.0.0.202411081344/tools/bin/../lib/gcc/arm-none-eabi/13.3.1/thumb/v7e-m+dp/hard/crti.o
                0x0800a4f0                _fini
 .fini          0x0800a4f4        0x8 D:/Nouveau dossier/STM32CubeIDE_1.18.1/STM32CubeIDE/plugins/com.st.stm32cube.ide.mcu.externaltools.gnu-tools-for-stm32.13.3.rel1.win32_1.0.0.202411081344/tools/bin/../lib/gcc/arm-none-eabi/13.3.1/thumb/v7e-m+dp/hard/crtn.o
                0x0800a4fc                        . = ALIGN (0x4)
                0x0800a4fc                        _etext = .

.vfp11_veneer   0x0800a4fc        0x0
 .vfp11_veneer  0x0800a4fc        0x0 linker stubs

.v4_bx          0x0800a4fc        0x0
 .v4_bx         0x0800a4fc        0x0 linker stubs

.iplt           0x0800a4fc        0x0
 .iplt          0x0800a4fc        0x0 D:/Nouveau dossier/STM32CubeIDE_1.18.1/STM32CubeIDE/plugins/com.st.stm32cube.ide.mcu.externaltools.gnu-tools-for-stm32.13.3.rel1.win32_1.0.0.202411081344/tools/bin/../lib/gcc/arm-none-eabi/13.3.1/thumb/v7e-m+dp/hard/crtbegin.o

.rodata         0x0800a500      0x6e8
                0x0800a500                        . = ALIGN (0x4)
 *(.rodata)
 .rodata        0x0800a500      0x2b6 ./Core/Src/esp8266.o
 *(.rodata*)
 *fill*         0x0800a7b6        0x2 
 .rodata.lipo_32v_discharge_curve
                0x0800a7b8       0xa8 ./Core/Src/power_monitor.o
 .rodata.AHBPrescTable
                0x0800a860       0x10 ./Core/Src/system_stm32f7xx.o
                0x0800a860                AHBPrescTable
 .rodata.APBPrescTable
                0x0800a870        0x8 ./Core/Src/system_stm32f7xx.o
                0x0800a870                APBPrescTable
 .rodata._ctype_
                0x0800a878      0x101 D:/Nouveau dossier/STM32CubeIDE_1.18.1/STM32CubeIDE/plugins/com.st.stm32cube.ide.mcu.externaltools.gnu-tools-for-stm32.13.3.rel1.win32_1.0.0.202411081344/tools/bin/../lib/gcc/arm-none-eabi/13.3.1/../../../../arm-none-eabi/lib/thumb/v7e-m+dp/hard\libc_nano.a(libc_a-ctype_.o)
                0x0800a878                _ctype_
 .rodata._printf_float.str1.1
                0x0800a979      0x171 D:/Nouveau dossier/STM32CubeIDE_1.18.1/STM32CubeIDE/plugins/com.st.stm32cube.ide.mcu.externaltools.gnu-tools-for-stm32.13.3.rel1.win32_1.0.0.202411081344/tools/bin/../lib/gcc/arm-none-eabi/13.3.1/../../../../arm-none-eabi/lib/thumb/v7e-m+dp/hard\libc_nano.a(libc_a-nano-vfprintf_float.o)
                                 0x12 (size before relaxing)
 .rodata._printf_i.str1.1
                0x0800aaea       0x22 D:/Nouveau dossier/STM32CubeIDE_1.18.1/STM32CubeIDE/plugins/com.st.stm32cube.ide.mcu.externaltools.gnu-tools-for-stm32.13.3.rel1.win32_1.0.0.202411081344/tools/bin/../lib/gcc/arm-none-eabi/13.3.1/../../../../arm-none-eabi/lib/thumb/v7e-m+dp/hard\libc_nano.a(libc_a-nano-vfprintf_i.o)
 .rodata._dtoa_r.str1.1
                0x0800aaea       0x8f D:/Nouveau dossier/STM32CubeIDE_1.18.1/STM32CubeIDE/plugins/com.st.stm32cube.ide.mcu.externaltools.gnu-tools-for-stm32.13.3.rel1.win32_1.0.0.202411081344/tools/bin/../lib/gcc/arm-none-eabi/13.3.1/../../../../arm-none-eabi/lib/thumb/v7e-m+dp/hard\libc_nano.a(libc_a-dtoa.o)
 .rodata._Balloc.str1.1
                0x0800aaea       0x70 D:/Nouveau dossier/STM32CubeIDE_1.18.1/STM32CubeIDE/plugins/com.st.stm32cube.ide.mcu.externaltools.gnu-tools-for-stm32.13.3.rel1.win32_1.0.0.202411081344/tools/bin/../lib/gcc/arm-none-eabi/13.3.1/../../../../arm-none-eabi/lib/thumb/v7e-m+dp/hard\libc_nano.a(libc_a-mprec.o)
 .rodata.__multadd.str1.1
                0x0800aaea       0x11 D:/Nouveau dossier/STM32CubeIDE_1.18.1/STM32CubeIDE/plugins/com.st.stm32cube.ide.mcu.externaltools.gnu-tools-for-stm32.13.3.rel1.win32_1.0.0.202411081344/tools/bin/../lib/gcc/arm-none-eabi/13.3.1/../../../../arm-none-eabi/lib/thumb/v7e-m+dp/hard\libc_nano.a(libc_a-mprec.o)
 *fill*         0x0800aaea        0x2 
 .rodata.p05.0  0x0800aaec        0xc D:/Nouveau dossier/STM32CubeIDE_1.18.1/STM32CubeIDE/plugins/com.st.stm32cube.ide.mcu.externaltools.gnu-tools-for-stm32.13.3.rel1.win32_1.0.0.202411081344/tools/bin/../lib/gcc/arm-none-eabi/13.3.1/../../../../arm-none-eabi/lib/thumb/v7e-m+dp/hard\libc_nano.a(libc_a-mprec.o)
 .rodata.__mprec_bigtens
                0x0800aaf8       0x28 D:/Nouveau dossier/STM32CubeIDE_1.18.1/STM32CubeIDE/plugins/com.st.stm32cube.ide.mcu.externaltools.gnu-tools-for-stm32.13.3.rel1.win32_1.0.0.202411081344/tools/bin/../lib/gcc/arm-none-eabi/13.3.1/../../../../arm-none-eabi/lib/thumb/v7e-m+dp/hard\libc_nano.a(libc_a-mprec.o)
                0x0800aaf8                __mprec_bigtens
 .rodata.__mprec_tens
                0x0800ab20       0xc8 D:/Nouveau dossier/STM32CubeIDE_1.18.1/STM32CubeIDE/plugins/com.st.stm32cube.ide.mcu.externaltools.gnu-tools-for-stm32.13.3.rel1.win32_1.0.0.202411081344/tools/bin/../lib/gcc/arm-none-eabi/13.3.1/../../../../arm-none-eabi/lib/thumb/v7e-m+dp/hard\libc_nano.a(libc_a-mprec.o)
                0x0800ab20                __mprec_tens
 .rodata._svfprintf_r.str1.1
                0x0800abe8       0x11 D:/Nouveau dossier/STM32CubeIDE_1.18.1/STM32CubeIDE/plugins/com.st.stm32cube.ide.mcu.externaltools.gnu-tools-for-stm32.13.3.rel1.win32_1.0.0.202411081344/tools/bin/../lib/gcc/arm-none-eabi/13.3.1/../../../../arm-none-eabi/lib/thumb/v7e-m+dp/hard\libc_nano.a(libc_a-nano-svfprintf.o)
 .rodata._setlocale_r.str1.1
                0x0800abe8        0x9 D:/Nouveau dossier/STM32CubeIDE_1.18.1/STM32CubeIDE/plugins/com.st.stm32cube.ide.mcu.externaltools.gnu-tools-for-stm32.13.3.rel1.win32_1.0.0.202411081344/tools/bin/../lib/gcc/arm-none-eabi/13.3.1/../../../../arm-none-eabi/lib/thumb/v7e-m+dp/hard\libc_nano.a(libc_a-locale.o)
 .rodata.str1.1
                0x0800abe8        0x2 D:/Nouveau dossier/STM32CubeIDE_1.18.1/STM32CubeIDE/plugins/com.st.stm32cube.ide.mcu.externaltools.gnu-tools-for-stm32.13.3.rel1.win32_1.0.0.202411081344/tools/bin/../lib/gcc/arm-none-eabi/13.3.1/../../../../arm-none-eabi/lib/thumb/v7e-m+dp/hard\libc_nano.a(libc_a-locale.o)
 .rodata.__assert_func.str1.1
                0x0800abe8       0x3d D:/Nouveau dossier/STM32CubeIDE_1.18.1/STM32CubeIDE/plugins/com.st.stm32cube.ide.mcu.externaltools.gnu-tools-for-stm32.13.3.rel1.win32_1.0.0.202411081344/tools/bin/../lib/gcc/arm-none-eabi/13.3.1/../../../../arm-none-eabi/lib/thumb/v7e-m+dp/hard\libc_nano.a(libc_a-assert.o)
 .rodata._vfprintf_r.str1.1
                0x0800abe8       0x11 D:/Nouveau dossier/STM32CubeIDE_1.18.1/STM32CubeIDE/plugins/com.st.stm32cube.ide.mcu.externaltools.gnu-tools-for-stm32.13.3.rel1.win32_1.0.0.202411081344/tools/bin/../lib/gcc/arm-none-eabi/13.3.1/../../../../arm-none-eabi/lib/thumb/v7e-m+dp/hard\libc_nano.a(libc_a-nano-vfprintf.o)
                0x0800ac28                        . = ALIGN (0x4)

.ARM.extab      0x0800abe8        0x0
                0x0800abe8                        . = ALIGN (0x4)
 *(.ARM.extab* .gnu.linkonce.armextab.*)
                0x0800abe8                        . = ALIGN (0x4)

.ARM            0x0800abe8        0x8
                0x0800abe8                        . = ALIGN (0x4)
                0x0800abe8                        __exidx_start = .
 *(.ARM.exidx*)
 .ARM.exidx     0x0800abe8        0x8 D:/Nouveau dossier/STM32CubeIDE_1.18.1/STM32CubeIDE/plugins/com.st.stm32cube.ide.mcu.externaltools.gnu-tools-for-stm32.13.3.rel1.win32_1.0.0.202411081344/tools/bin/../lib/gcc/arm-none-eabi/13.3.1/../../../../arm-none-eabi/lib/thumb/v7e-m+dp/hard\libc_nano.a(libc_a-memchr.o)
 .ARM.exidx     0x0800abf0        0x0 D:/Nouveau dossier/STM32CubeIDE_1.18.1/STM32CubeIDE/plugins/com.st.stm32cube.ide.mcu.externaltools.gnu-tools-for-stm32.13.3.rel1.win32_1.0.0.202411081344/tools/bin/../lib/gcc/arm-none-eabi/13.3.1/../../../../arm-none-eabi/lib/thumb/v7e-m+dp/hard\libc_nano.a(libc_a-strlen.o)
                                  0x8 (size before relaxing)
 .ARM.exidx     0x0800abf0        0x0 D:/Nouveau dossier/STM32CubeIDE_1.18.1/STM32CubeIDE/plugins/com.st.stm32cube.ide.mcu.externaltools.gnu-tools-for-stm32.13.3.rel1.win32_1.0.0.202411081344/tools/bin/../lib/gcc/arm-none-eabi/13.3.1/thumb/v7e-m+dp/hard\libgcc.a(_udivmoddi4.o)
                                  0x8 (size before relaxing)
                0x0800abf0                        __exidx_end = .
                0x0800abf0                        . = ALIGN (0x4)

.rel.dyn        0x0800abf0        0x0
 .rel.iplt      0x0800abf0        0x0 D:/Nouveau dossier/STM32CubeIDE_1.18.1/STM32CubeIDE/plugins/com.st.stm32cube.ide.mcu.externaltools.gnu-tools-for-stm32.13.3.rel1.win32_1.0.0.202411081344/tools/bin/../lib/gcc/arm-none-eabi/13.3.1/thumb/v7e-m+dp/hard/crtbegin.o

.preinit_array  0x0800abf0        0x0
                0x0800abf0                        . = ALIGN (0x4)
                0x0800abf0                        PROVIDE (__preinit_array_start = .)
 *(.preinit_array*)
                0x0800abf0                        PROVIDE (__preinit_array_end = .)
                0x0800abf0                        . = ALIGN (0x4)

.init_array     0x0800abf0        0x4
                0x0800abf0                        . = ALIGN (0x4)
                0x0800abf0                        PROVIDE (__init_array_start = .)
 *(SORT_BY_NAME(.init_array.*))
 *(.init_array*)
 .init_array    0x0800abf0        0x4 D:/Nouveau dossier/STM32CubeIDE_1.18.1/STM32CubeIDE/plugins/com.st.stm32cube.ide.mcu.externaltools.gnu-tools-for-stm32.13.3.rel1.win32_1.0.0.202411081344/tools/bin/../lib/gcc/arm-none-eabi/13.3.1/thumb/v7e-m+dp/hard/crtbegin.o
                0x0800abf4                        PROVIDE (__init_array_end = .)
                0x0800abf4                        . = ALIGN (0x4)

.fini_array     0x0800abf4        0x4
                0x0800abf4                        . = ALIGN (0x4)
                [!provide]                        PROVIDE (__fini_array_start = .)
 *(SORT_BY_NAME(.fini_array.*))
 *(.fini_array*)
 .fini_array    0x0800abf4        0x4 D:/Nouveau dossier/STM32CubeIDE_1.18.1/STM32CubeIDE/plugins/com.st.stm32cube.ide.mcu.externaltools.gnu-tools-for-stm32.13.3.rel1.win32_1.0.0.202411081344/tools/bin/../lib/gcc/arm-none-eabi/13.3.1/thumb/v7e-m+dp/hard/crtbegin.o
                [!provide]                        PROVIDE (__fini_array_end = .)
                0x0800abf8                        . = ALIGN (0x4)
                0x0800abf8                        _sidata = LOADADDR (.data)

.data           0x20000000      0x1d8 load address 0x0800abf8
                0x20000000                        . = ALIGN (0x4)
                0x20000000                        _sdata = .
 *(.data)
 *(.data*)
 .data.current_soc_percent
                0x20000000        0x4 ./Core/Src/power_monitor.o
 .data.SystemCoreClock
                0x20000004        0x4 ./Core/Src/system_stm32f7xx.o
                0x20000004                SystemCoreClock
 .data.uwTickPrio
                0x20000008        0x4 ./Drivers/STM32F7xx_HAL_Driver/Src/stm32f7xx_hal.o
                0x20000008                uwTickPrio
 .data.uwTickFreq
                0x2000000c        0x1 ./Drivers/STM32F7xx_HAL_Driver/Src/stm32f7xx_hal.o
                0x2000000c                uwTickFreq
 *fill*         0x2000000d        0x3 
 .data.__sglue  0x20000010        0xc D:/Nouveau dossier/STM32CubeIDE_1.18.1/STM32CubeIDE/plugins/com.st.stm32cube.ide.mcu.externaltools.gnu-tools-for-stm32.13.3.rel1.win32_1.0.0.202411081344/tools/bin/../lib/gcc/arm-none-eabi/13.3.1/../../../../arm-none-eabi/lib/thumb/v7e-m+dp/hard\libc_nano.a(libc_a-findfp.o)
                0x20000010                __sglue
 .data._impure_ptr
                0x2000001c        0x4 D:/Nouveau dossier/STM32CubeIDE_1.18.1/STM32CubeIDE/plugins/com.st.stm32cube.ide.mcu.externaltools.gnu-tools-for-stm32.13.3.rel1.win32_1.0.0.202411081344/tools/bin/../lib/gcc/arm-none-eabi/13.3.1/../../../../arm-none-eabi/lib/thumb/v7e-m+dp/hard\libc_nano.a(libc_a-impure.o)
                0x2000001c                _impure_ptr
 .data._impure_data
                0x20000020       0x4c D:/Nouveau dossier/STM32CubeIDE_1.18.1/STM32CubeIDE/plugins/com.st.stm32cube.ide.mcu.externaltools.gnu-tools-for-stm32.13.3.rel1.win32_1.0.0.202411081344/tools/bin/../lib/gcc/arm-none-eabi/13.3.1/../../../../arm-none-eabi/lib/thumb/v7e-m+dp/hard\libc_nano.a(libc_a-impure.o)
                0x20000020                _impure_data
 .data.__global_locale
                0x2000006c      0x16c D:/Nouveau dossier/STM32CubeIDE_1.18.1/STM32CubeIDE/plugins/com.st.stm32cube.ide.mcu.externaltools.gnu-tools-for-stm32.13.3.rel1.win32_1.0.0.202411081344/tools/bin/../lib/gcc/arm-none-eabi/13.3.1/../../../../arm-none-eabi/lib/thumb/v7e-m+dp/hard\libc_nano.a(libc_a-locale.o)
                0x2000006c                __global_locale
 *(.RamFunc)
 *(.RamFunc*)
                0x200001d8                        . = ALIGN (0x4)
                0x200001d8                        _edata = .

.igot.plt       0x200001d8        0x0 load address 0x0800add0
 .igot.plt      0x200001d8        0x0 D:/Nouveau dossier/STM32CubeIDE_1.18.1/STM32CubeIDE/plugins/com.st.stm32cube.ide.mcu.externaltools.gnu-tools-for-stm32.13.3.rel1.win32_1.0.0.202411081344/tools/bin/../lib/gcc/arm-none-eabi/13.3.1/thumb/v7e-m+dp/hard/crtbegin.o
                0x200001d8                        . = ALIGN (0x4)

.bss            0x200001d8      0x818 load address 0x0800add0
                0x200001d8                        _sbss = .
                0x200001d8                        __bss_start__ = _sbss
 *(.bss)
 .bss           0x200001d8       0x1c D:/Nouveau dossier/STM32CubeIDE_1.18.1/STM32CubeIDE/plugins/com.st.stm32cube.ide.mcu.externaltools.gnu-tools-for-stm32.13.3.rel1.win32_1.0.0.202411081344/tools/bin/../lib/gcc/arm-none-eabi/13.3.1/thumb/v7e-m+dp/hard/crtbegin.o
 *(.bss*)
 .bss.g_hi2c    0x200001f4        0x4 ./Core/Src/bme280.o
 .bss.hadc1     0x200001f8       0x48 ./Core/Src/main.o
                0x200001f8                hadc1
 .bss.hi2c1     0x20000240       0x54 ./Core/Src/main.o
                0x20000240                hi2c1
 .bss.huart5    0x20000294       0x88 ./Core/Src/main.o
                0x20000294                huart5
 .bss.bme280    0x2000031c       0x40 ./Core/Src/main.o
                0x2000031c                bme280
 *fill*         0x2000035c        0x4 
 .bss.comp_data
                0x20000360       0x18 ./Core/Src/main.o
                0x20000360                comp_data
 .bss.temperature_celsius
                0x20000378        0x4 ./Core/Src/main.o
                0x20000378                temperature_celsius
 .bss.humidity_percent
                0x2000037c        0x4 ./Core/Src/main.o
                0x2000037c                humidity_percent
 .bss.ambient_light_lux
                0x20000380        0x4 ./Core/Src/main.o
                0x20000380                ambient_light_lux
 .bss.pressure_hpa
                0x20000384        0x4 ./Core/Src/main.o
                0x20000384                pressure_hpa
 .bss.temperature_celsius_x100
                0x20000388        0x4 ./Core/Src/main.o
                0x20000388                temperature_celsius_x100
 .bss.humidity_percent_x100
                0x2000038c        0x4 ./Core/Src/main.o
                0x2000038c                humidity_percent_x100
 .bss.ambient_light_lux_x100
                0x20000390        0x4 ./Core/Src/main.o
                0x20000390                ambient_light_lux_x100
 .bss.pressure_hpa_x100
                0x20000394        0x4 ./Core/Src/main.o
                0x20000394                pressure_hpa_x100
 .bss.air_quality_data
                0x20000398       0x40 ./Core/Src/main.o
                0x20000398                air_quality_data
 .bss.power_data
                0x200003d8       0x20 ./Core/Src/main.o
                0x200003d8                power_data
 .bss.esp8266   0x200003f8      0x468 ./Core/Src/main.o
                0x200003f8                esp8266
 .bss.sensor_data_for_transmission
                0x20000860       0x1c ./Core/Src/main.o
                0x20000860                sensor_data_for_transmission
 .bss.data_transmission_enabled
                0x2000087c        0x1 ./Core/Src/main.o
                0x2000087c                data_transmission_enabled
 .bss.bme280_initialized
                0x2000087d        0x1 ./Core/Src/main.o
                0x2000087d                bme280_initialized
 .bss.bh1750_initialized
                0x2000087e        0x1 ./Core/Src/main.o
                0x2000087e                bh1750_initialized
 .bss.sen5x_initialized
                0x2000087f        0x1 ./Core/Src/main.o
                0x2000087f                sen5x_initialized
 .bss.ina219_initialized
                0x20000880        0x1 ./Core/Src/main.o
                0x20000880                ina219_initialized
 *fill*         0x20000881        0x3 
 .bss.bme280_read_errors
                0x20000884        0x4 ./Core/Src/main.o
                0x20000884                bme280_read_errors
 .bss.bh1750_read_errors
                0x20000888        0x4 ./Core/Src/main.o
                0x20000888                bh1750_read_errors
 .bss.sen5x_read_errors
                0x2000088c        0x4 ./Core/Src/main.o
                0x2000088c                sen5x_read_errors
 .bss.http_transmission_errors
                0x20000890        0x4 ./Core/Src/main.o
                0x20000890                http_transmission_errors
 .bss.last_soc_time
                0x20000894        0x4 ./Core/Src/power_monitor.o
 .bss.soc_ready
                0x20000898        0x1 ./Core/Src/power_monitor.o
 *fill*         0x20000899        0x3 
 .bss.__sbrk_heap_end
                0x2000089c        0x4 ./Core/Src/sysmem.o
 .bss.uwTick    0x200008a0        0x4 ./Drivers/STM32F7xx_HAL_Driver/Src/stm32f7xx_hal.o
                0x200008a0                uwTick
 .bss.__sf      0x200008a4      0x138 D:/Nouveau dossier/STM32CubeIDE_1.18.1/STM32CubeIDE/plugins/com.st.stm32cube.ide.mcu.externaltools.gnu-tools-for-stm32.13.3.rel1.win32_1.0.0.202411081344/tools/bin/../lib/gcc/arm-none-eabi/13.3.1/../../../../arm-none-eabi/lib/thumb/v7e-m+dp/hard\libc_nano.a(libc_a-findfp.o)
                0x200008a4                __sf
 .bss.__stdio_exit_handler
                0x200009dc        0x4 D:/Nouveau dossier/STM32CubeIDE_1.18.1/STM32CubeIDE/plugins/com.st.stm32cube.ide.mcu.externaltools.gnu-tools-for-stm32.13.3.rel1.win32_1.0.0.202411081344/tools/bin/../lib/gcc/arm-none-eabi/13.3.1/../../../../arm-none-eabi/lib/thumb/v7e-m+dp/hard\libc_nano.a(libc_a-findfp.o)
                0x200009dc                __stdio_exit_handler
 .bss.errno     0x200009e0        0x4 D:/Nouveau dossier/STM32CubeIDE_1.18.1/STM32CubeIDE/plugins/com.st.stm32cube.ide.mcu.externaltools.gnu-tools-for-stm32.13.3.rel1.win32_1.0.0.202411081344/tools/bin/../lib/gcc/arm-none-eabi/13.3.1/../../../../arm-none-eabi/lib/thumb/v7e-m+dp/hard\libc_nano.a(libc_a-reent.o)
                0x200009e0                errno
 .bss.__lock___malloc_recursive_mutex
                0x200009e4        0x1 D:/Nouveau dossier/STM32CubeIDE_1.18.1/STM32CubeIDE/plugins/com.st.stm32cube.ide.mcu.externaltools.gnu-tools-for-stm32.13.3.rel1.win32_1.0.0.202411081344/tools/bin/../lib/gcc/arm-none-eabi/13.3.1/../../../../arm-none-eabi/lib/thumb/v7e-m+dp/hard\libc_nano.a(libc_a-lock.o)
                0x200009e4                __lock___malloc_recursive_mutex
 .bss.__lock___sfp_recursive_mutex
                0x200009e5        0x1 D:/Nouveau dossier/STM32CubeIDE_1.18.1/STM32CubeIDE/plugins/com.st.stm32cube.ide.mcu.externaltools.gnu-tools-for-stm32.13.3.rel1.win32_1.0.0.202411081344/tools/bin/../lib/gcc/arm-none-eabi/13.3.1/../../../../arm-none-eabi/lib/thumb/v7e-m+dp/hard\libc_nano.a(libc_a-lock.o)
                0x200009e5                __lock___sfp_recursive_mutex
 *fill*         0x200009e6        0x2 
 .bss.__malloc_sbrk_start
                0x200009e8        0x4 D:/Nouveau dossier/STM32CubeIDE_1.18.1/STM32CubeIDE/plugins/com.st.stm32cube.ide.mcu.externaltools.gnu-tools-for-stm32.13.3.rel1.win32_1.0.0.202411081344/tools/bin/../lib/gcc/arm-none-eabi/13.3.1/../../../../arm-none-eabi/lib/thumb/v7e-m+dp/hard\libc_nano.a(libc_a-mallocr.o)
                0x200009e8                __malloc_sbrk_start
 .bss.__malloc_free_list
                0x200009ec        0x4 D:/Nouveau dossier/STM32CubeIDE_1.18.1/STM32CubeIDE/plugins/com.st.stm32cube.ide.mcu.externaltools.gnu-tools-for-stm32.13.3.rel1.win32_1.0.0.202411081344/tools/bin/../lib/gcc/arm-none-eabi/13.3.1/../../../../arm-none-eabi/lib/thumb/v7e-m+dp/hard\libc_nano.a(libc_a-mallocr.o)
                0x200009ec                __malloc_free_list
 *(COMMON)
                0x200009f0                        . = ALIGN (0x4)
                0x200009f0                        _ebss = .
                0x200009f0                        __bss_end__ = _ebss

._user_heap_stack
                0x200009f0      0x600 load address 0x0800add0
                0x200009f0                        . = ALIGN (0x8)
                [!provide]                        PROVIDE (end = .)
                0x200009f0                        PROVIDE (_end = .)
                0x20000bf0                        . = (. + _Min_Heap_Size)
 *fill*         0x200009f0      0x200 
                0x20000ff0                        . = (. + _Min_Stack_Size)
 *fill*         0x20000bf0      0x400 
                0x20000ff0                        . = ALIGN (0x8)

/DISCARD/
 libc.a(*)
 libm.a(*)
 libgcc.a(*)

.ARM.attributes
                0x00000000       0x2e
 *(.ARM.attributes)
 .ARM.attributes
                0x00000000       0x20 D:/Nouveau dossier/STM32CubeIDE_1.18.1/STM32CubeIDE/plugins/com.st.stm32cube.ide.mcu.externaltools.gnu-tools-for-stm32.13.3.rel1.win32_1.0.0.202411081344/tools/bin/../lib/gcc/arm-none-eabi/13.3.1/thumb/v7e-m+dp/hard/crti.o
 .ARM.attributes
                0x00000020       0x32 D:/Nouveau dossier/STM32CubeIDE_1.18.1/STM32CubeIDE/plugins/com.st.stm32cube.ide.mcu.externaltools.gnu-tools-for-stm32.13.3.rel1.win32_1.0.0.202411081344/tools/bin/../lib/gcc/arm-none-eabi/13.3.1/thumb/v7e-m+dp/hard/crtbegin.o
 .ARM.attributes
                0x00000052       0x32 ./Core/Src/bh1750.o
 .ARM.attributes
                0x00000084       0x32 ./Core/Src/bme280.o
 .ARM.attributes
                0x000000b6       0x32 ./Core/Src/esp8266.o
 .ARM.attributes
                0x000000e8       0x32 ./Core/Src/main.o
 .ARM.attributes
                0x0000011a       0x32 ./Core/Src/power_monitor.o
 .ARM.attributes
                0x0000014c       0x32 ./Core/Src/sen5x_i2c.o
 .ARM.attributes
                0x0000017e       0x32 ./Core/Src/sen5x_wrapper.o
 .ARM.attributes
                0x000001b0       0x32 ./Core/Src/sensirion_common.o
 .ARM.attributes
                0x000001e2       0x32 ./Core/Src/sensirion_i2c.o
 .ARM.attributes
                0x00000214       0x32 ./Core/Src/sensirion_i2c_hal.o
 .ARM.attributes
                0x00000246       0x32 ./Core/Src/stm32f7xx_hal_msp.o
 .ARM.attributes
                0x00000278       0x32 ./Core/Src/stm32f7xx_it.o
 .ARM.attributes
                0x000002aa       0x32 ./Core/Src/syscalls.o
 .ARM.attributes
                0x000002dc       0x32 ./Core/Src/sysmem.o
 .ARM.attributes
                0x0000030e       0x32 ./Core/Src/system_stm32f7xx.o
 .ARM.attributes
                0x00000340       0x21 ./Core/Startup/startup_stm32f769nihx.o
 .ARM.attributes
                0x00000361       0x32 ./Drivers/STM32F7xx_HAL_Driver/Src/stm32f7xx_hal.o
 .ARM.attributes
                0x00000393       0x32 ./Drivers/STM32F7xx_HAL_Driver/Src/stm32f7xx_hal_adc.o
 .ARM.attributes
                0x000003c5       0x32 ./Drivers/STM32F7xx_HAL_Driver/Src/stm32f7xx_hal_cortex.o
 .ARM.attributes
                0x000003f7       0x32 ./Drivers/STM32F7xx_HAL_Driver/Src/stm32f7xx_hal_gpio.o
 .ARM.attributes
                0x00000429       0x32 ./Drivers/STM32F7xx_HAL_Driver/Src/stm32f7xx_hal_i2c.o
 .ARM.attributes
                0x0000045b       0x32 ./Drivers/STM32F7xx_HAL_Driver/Src/stm32f7xx_hal_i2c_ex.o
 .ARM.attributes
                0x0000048d       0x32 ./Drivers/STM32F7xx_HAL_Driver/Src/stm32f7xx_hal_pwr.o
 .ARM.attributes
                0x000004bf       0x32 ./Drivers/STM32F7xx_HAL_Driver/Src/stm32f7xx_hal_pwr_ex.o
 .ARM.attributes
                0x000004f1       0x32 ./Drivers/STM32F7xx_HAL_Driver/Src/stm32f7xx_hal_rcc.o
 .ARM.attributes
                0x00000523       0x32 ./Drivers/STM32F7xx_HAL_Driver/Src/stm32f7xx_hal_rcc_ex.o
 .ARM.attributes
                0x00000555       0x32 ./Drivers/STM32F7xx_HAL_Driver/Src/stm32f7xx_hal_uart.o
 .ARM.attributes
                0x00000587       0x32 D:/Nouveau dossier/STM32CubeIDE_1.18.1/STM32CubeIDE/plugins/com.st.stm32cube.ide.mcu.externaltools.gnu-tools-for-stm32.13.3.rel1.win32_1.0.0.202411081344/tools/bin/../lib/gcc/arm-none-eabi/13.3.1/../../../../arm-none-eabi/lib/thumb/v7e-m+dp/hard\libc_nano.a(libc_a-strtoul.o)
 .ARM.attributes
                0x000005b9       0x32 D:/Nouveau dossier/STM32CubeIDE_1.18.1/STM32CubeIDE/plugins/com.st.stm32cube.ide.mcu.externaltools.gnu-tools-for-stm32.13.3.rel1.win32_1.0.0.202411081344/tools/bin/../lib/gcc/arm-none-eabi/13.3.1/../../../../arm-none-eabi/lib/thumb/v7e-m+dp/hard\libc_nano.a(libc_a-ctype_.o)
 .ARM.attributes
                0x000005eb       0x32 D:/Nouveau dossier/STM32CubeIDE_1.18.1/STM32CubeIDE/plugins/com.st.stm32cube.ide.mcu.externaltools.gnu-tools-for-stm32.13.3.rel1.win32_1.0.0.202411081344/tools/bin/../lib/gcc/arm-none-eabi/13.3.1/../../../../arm-none-eabi/lib/thumb/v7e-m+dp/hard\libc_nano.a(libc_a-nano-vfprintf_float.o)
 .ARM.attributes
                0x0000061d       0x32 D:/Nouveau dossier/STM32CubeIDE_1.18.1/STM32CubeIDE/plugins/com.st.stm32cube.ide.mcu.externaltools.gnu-tools-for-stm32.13.3.rel1.win32_1.0.0.202411081344/tools/bin/../lib/gcc/arm-none-eabi/13.3.1/../../../../arm-none-eabi/lib/thumb/v7e-m+dp/hard\libc_nano.a(libc_a-nano-vfprintf_i.o)
 .ARM.attributes
                0x0000064f       0x32 D:/Nouveau dossier/STM32CubeIDE_1.18.1/STM32CubeIDE/plugins/com.st.stm32cube.ide.mcu.externaltools.gnu-tools-for-stm32.13.3.rel1.win32_1.0.0.202411081344/tools/bin/../lib/gcc/arm-none-eabi/13.3.1/../../../../arm-none-eabi/lib/thumb/v7e-m+dp/hard\libc_nano.a(libc_a-findfp.o)
 .ARM.attributes
                0x00000681       0x32 D:/Nouveau dossier/STM32CubeIDE_1.18.1/STM32CubeIDE/plugins/com.st.stm32cube.ide.mcu.externaltools.gnu-tools-for-stm32.13.3.rel1.win32_1.0.0.202411081344/tools/bin/../lib/gcc/arm-none-eabi/13.3.1/../../../../arm-none-eabi/lib/thumb/v7e-m+dp/hard\libc_nano.a(libc_a-fwalk.o)
 .ARM.attributes
                0x000006b3       0x32 D:/Nouveau dossier/STM32CubeIDE_1.18.1/STM32CubeIDE/plugins/com.st.stm32cube.ide.mcu.externaltools.gnu-tools-for-stm32.13.3.rel1.win32_1.0.0.202411081344/tools/bin/../lib/gcc/arm-none-eabi/13.3.1/../../../../arm-none-eabi/lib/thumb/v7e-m+dp/hard\libc_nano.a(libc_a-snprintf.o)